Archive member included to satisfy reference by file (symbol)

C:/ST/STM32CubeIDE_1.13.0/STM32CubeIDE/plugins/com.st.stm32cube.ide.mcu.externaltools.gnu-tools-for-stm32.11.3.rel1.win32_1.1.0.202305231506/tools/bin/../lib/gcc/arm-none-eabi/11.3.1/../../../../arm-none-eabi/lib/thumb/v7e-m+fp/hard\libc_nano.a(libc_a-exit.o)
                              C:/ST/STM32CubeIDE_1.13.0/STM32CubeIDE/plugins/com.st.stm32cube.ide.mcu.externaltools.gnu-tools-for-stm32.11.3.rel1.win32_1.1.0.202305231506/tools/bin/../lib/gcc/arm-none-eabi/11.3.1/../../../../arm-none-eabi/lib/thumb/v7e-m+fp/hard/crt0.o (exit)
C:/ST/STM32CubeIDE_1.13.0/STM32CubeIDE/plugins/com.st.stm32cube.ide.mcu.externaltools.gnu-tools-for-stm32.11.3.rel1.win32_1.1.0.202305231506/tools/bin/../lib/gcc/arm-none-eabi/11.3.1/../../../../arm-none-eabi/lib/thumb/v7e-m+fp/hard\libc_nano.a(libc_a-findfp.o)
                              C:/ST/STM32CubeIDE_1.13.0/STM32CubeIDE/plugins/com.st.stm32cube.ide.mcu.externaltools.gnu-tools-for-stm32.11.3.rel1.win32_1.1.0.202305231506/tools/bin/../lib/gcc/arm-none-eabi/11.3.1/../../../../arm-none-eabi/lib/thumb/v7e-m+fp/hard\libc_nano.a(libc_a-exit.o) (__stdio_exit_handler)
C:/ST/STM32CubeIDE_1.13.0/STM32CubeIDE/plugins/com.st.stm32cube.ide.mcu.externaltools.gnu-tools-for-stm32.11.3.rel1.win32_1.1.0.202305231506/tools/bin/../lib/gcc/arm-none-eabi/11.3.1/../../../../arm-none-eabi/lib/thumb/v7e-m+fp/hard\libc_nano.a(libc_a-fwalk.o)
                              C:/ST/STM32CubeIDE_1.13.0/STM32CubeIDE/plugins/com.st.stm32cube.ide.mcu.externaltools.gnu-tools-for-stm32.11.3.rel1.win32_1.1.0.202305231506/tools/bin/../lib/gcc/arm-none-eabi/11.3.1/../../../../arm-none-eabi/lib/thumb/v7e-m+fp/hard\libc_nano.a(libc_a-findfp.o) (_fwalk_sglue)
C:/ST/STM32CubeIDE_1.13.0/STM32CubeIDE/plugins/com.st.stm32cube.ide.mcu.externaltools.gnu-tools-for-stm32.11.3.rel1.win32_1.1.0.202305231506/tools/bin/../lib/gcc/arm-none-eabi/11.3.1/../../../../arm-none-eabi/lib/thumb/v7e-m+fp/hard\libc_nano.a(libc_a-stdio.o)
                              C:/ST/STM32CubeIDE_1.13.0/STM32CubeIDE/plugins/com.st.stm32cube.ide.mcu.externaltools.gnu-tools-for-stm32.11.3.rel1.win32_1.1.0.202305231506/tools/bin/../lib/gcc/arm-none-eabi/11.3.1/../../../../arm-none-eabi/lib/thumb/v7e-m+fp/hard\libc_nano.a(libc_a-findfp.o) (__sread)
C:/ST/STM32CubeIDE_1.13.0/STM32CubeIDE/plugins/com.st.stm32cube.ide.mcu.externaltools.gnu-tools-for-stm32.11.3.rel1.win32_1.1.0.202305231506/tools/bin/../lib/gcc/arm-none-eabi/11.3.1/../../../../arm-none-eabi/lib/thumb/v7e-m+fp/hard\libc_nano.a(libc_a-memset.o)
                              C:/ST/STM32CubeIDE_1.13.0/STM32CubeIDE/plugins/com.st.stm32cube.ide.mcu.externaltools.gnu-tools-for-stm32.11.3.rel1.win32_1.1.0.202305231506/tools/bin/../lib/gcc/arm-none-eabi/11.3.1/../../../../arm-none-eabi/lib/thumb/v7e-m+fp/hard/crt0.o (memset)
C:/ST/STM32CubeIDE_1.13.0/STM32CubeIDE/plugins/com.st.stm32cube.ide.mcu.externaltools.gnu-tools-for-stm32.11.3.rel1.win32_1.1.0.202305231506/tools/bin/../lib/gcc/arm-none-eabi/11.3.1/../../../../arm-none-eabi/lib/thumb/v7e-m+fp/hard\libc_nano.a(libc_a-closer.o)
                              C:/ST/STM32CubeIDE_1.13.0/STM32CubeIDE/plugins/com.st.stm32cube.ide.mcu.externaltools.gnu-tools-for-stm32.11.3.rel1.win32_1.1.0.202305231506/tools/bin/../lib/gcc/arm-none-eabi/11.3.1/../../../../arm-none-eabi/lib/thumb/v7e-m+fp/hard\libc_nano.a(libc_a-stdio.o) (_close_r)
C:/ST/STM32CubeIDE_1.13.0/STM32CubeIDE/plugins/com.st.stm32cube.ide.mcu.externaltools.gnu-tools-for-stm32.11.3.rel1.win32_1.1.0.202305231506/tools/bin/../lib/gcc/arm-none-eabi/11.3.1/../../../../arm-none-eabi/lib/thumb/v7e-m+fp/hard\libc_nano.a(libc_a-reent.o)
                              C:/ST/STM32CubeIDE_1.13.0/STM32CubeIDE/plugins/com.st.stm32cube.ide.mcu.externaltools.gnu-tools-for-stm32.11.3.rel1.win32_1.1.0.202305231506/tools/bin/../lib/gcc/arm-none-eabi/11.3.1/../../../../arm-none-eabi/lib/thumb/v7e-m+fp/hard\libc_nano.a(libc_a-closer.o) (errno)
C:/ST/STM32CubeIDE_1.13.0/STM32CubeIDE/plugins/com.st.stm32cube.ide.mcu.externaltools.gnu-tools-for-stm32.11.3.rel1.win32_1.1.0.202305231506/tools/bin/../lib/gcc/arm-none-eabi/11.3.1/../../../../arm-none-eabi/lib/thumb/v7e-m+fp/hard\libc_nano.a(libc_a-impure.o)
                              C:/ST/STM32CubeIDE_1.13.0/STM32CubeIDE/plugins/com.st.stm32cube.ide.mcu.externaltools.gnu-tools-for-stm32.11.3.rel1.win32_1.1.0.202305231506/tools/bin/../lib/gcc/arm-none-eabi/11.3.1/../../../../arm-none-eabi/lib/thumb/v7e-m+fp/hard\libc_nano.a(libc_a-reent.o) (_impure_ptr)
C:/ST/STM32CubeIDE_1.13.0/STM32CubeIDE/plugins/com.st.stm32cube.ide.mcu.externaltools.gnu-tools-for-stm32.11.3.rel1.win32_1.1.0.202305231506/tools/bin/../lib/gcc/arm-none-eabi/11.3.1/../../../../arm-none-eabi/lib/thumb/v7e-m+fp/hard\libc_nano.a(libc_a-lseekr.o)
[...]
Memory Configuration

Name             Origin             Length             Attributes
RAM              0x0000000020000000 0x0000000000010000 xrw
RAM2             0x0000000010000000 0x0000000000004000 xrw
FLASH            0x0000000008000000 0x0000000000020000 xr
*default*        0x0000000000000000 0xffffffffffffffff

Linker script and memory map

LOAD C:/ST/STM32CubeIDE_1.13.0/STM32CubeIDE/plugins/com.st.stm32cube.ide.mcu.externaltools.gnu-tools-for-stm32.11.3.rel1.win32_1.1.0.202305231506/tools/bin/../lib/gcc/arm-none-eabi/11.3.1/thumb/v7e-m+fp/hard/crti.o
LOAD C:/ST/STM32CubeIDE_1.13.0/STM32CubeIDE/plugins/com.st.stm32cube.ide.mcu.externaltools.gnu-tools-for-stm32.11.3.rel1.win32_1.1.0.202305231506/tools/bin/../lib/gcc/arm-none-eabi/11.3.1/thumb/v7e-m+fp/hard/crtbegin.o
LOAD C:/ST/STM32CubeIDE_1.13.0/STM32CubeIDE/plugins/com.st.stm32cube.ide.mcu.externaltools.gnu-tools-for-stm32.11.3.rel1.win32_1.1.0.202305231506/tools/bin/../lib/gcc/arm-none-eabi/11.3.1/../../../../arm-none-eabi/lib/thumb/v7e-m+fp/hard/crt0.o
LOAD ./Core/Src/main.o
LOAD ./Core/Src/stm32l4xx_hal_msp.o
LOAD ./Core/Src/stm32l4xx_it.o
LOAD ./Core/Src/syscalls.o
LOAD ./Core/Src/sysmem.o
LOAD ./Core/Src/system_stm32l4xx.o
LOAD ./Core/Startup/startup_stm32l433cbtx.o
LOAD ./Drivers/STM32L4xx_HAL_Driver/Src/stm32l4xx_hal.o
LOAD ./Drivers/STM32L4xx_HAL_Driver/Src/stm32l4xx_hal_adc.o
LOAD ./Drivers/STM32L4xx_HAL_Driver/Src/stm32l4xx_hal_adc_ex.o
LOAD ./Drivers/STM32L4xx_HAL_Driver/Src/stm32l4xx_hal_cortex.o
LOAD ./Drivers/STM32L4xx_HAL_Driver/Src/stm32l4xx_hal_dma.o
LOAD ./Drivers/STM32L4xx_HAL_Driver/Src/stm32l4xx_hal_dma_ex.o
LOAD ./Drivers/STM32L4xx_HAL_Driver/Src/stm32l4xx_hal_exti.o
LOAD ./Drivers/STM32L4xx_HAL_Driver/Src/stm32l4xx_hal_flash.o
LOAD ./Drivers/STM32L4xx_HAL_Driver/Src/stm32l4xx_hal_flash_ex.o
LOAD ./Drivers/STM32L4xx_HAL_Driver/Src/stm32l4xx_hal_flash_ramfunc.o
LOAD ./Drivers/STM32L4xx_HAL_Driver/Src/stm32l4xx_hal_gpio.o
LOAD ./Drivers/STM32L4xx_HAL_Driver/Src/stm32l4xx_hal_i2c.o
LOAD ./Drivers/STM32L4xx_HAL_Driver/Src/stm32l4xx_hal_i2c_ex.o
LOAD ./Drivers/STM32L4xx_HAL_Driver/Src/stm32l4xx_hal_pcd.o
LOAD ./Drivers/STM32L4xx_HAL_Driver/Src/stm32l4xx_hal_pcd_ex.o
LOAD ./Drivers/STM32L4xx_HAL_Driver/Src/stm32l4xx_hal_pwr.o
LOAD ./Drivers/STM32L4xx_HAL_Driver/Src/stm32l4xx_hal_pwr_ex.o
LOAD ./Drivers/STM32L4xx_HAL_Driver/Src/stm32l4xx_hal_rcc.o
LOAD ./Drivers/STM32L4xx_HAL_Driver/Src/stm32l4xx_hal_rcc_ex.o
LOAD ./Drivers/STM32L4xx_HAL_Driver/Src/stm32l4xx_hal_spi.o
LOAD ./Drivers/STM32L4xx_HAL_Driver/Src/stm32l4xx_hal_spi_ex.o
LOAD ./Drivers/STM32L4xx_HAL_Driver/Src/stm32l4xx_hal_tim.o
LOAD ./Drivers/STM32L4xx_HAL_Driver/Src/stm32l4xx_hal_tim_ex.o
LOAD ./Drivers/STM32L4xx_HAL_Driver/Src/stm32l4xx_hal_uart.o
LOAD ./Drivers/STM32L4xx_HAL_Driver/Src/stm32l4xx_hal_uart_ex.o
LOAD ./Drivers/STM32L4xx_HAL_Driver/Src/stm32l4xx_ll_usb.o
LOAD ./FATFS/App/fatfs.o
LOAD ./FATFS/Target/user_diskio.o
LOAD ./Middlewares/Third_Party/FatFs/src/diskio.o
LOAD ./Middlewares/Third_Party/FatFs/src/ff.o
LOAD ./Middlewares/Third_Party/FatFs/src/ff_gen_drv.o
LOAD ./Middlewares/Third_Party/FatFs/src/option/syscall.o
START GROUP
LOAD C:/ST/STM32CubeIDE_1.13.0/STM32CubeIDE/plugins/com.st.stm32cube.ide.mcu.externaltools.gnu-tools-for-stm32.11.3.rel1.win32_1.1.0.202305231506/tools/bin/../lib/gcc/arm-none-eabi/11.3.1/../../../../arm-none-eabi/lib/thumb/v7e-m+fp/hard\libstdc++_nano.a
LOAD C:/ST/STM32CubeIDE_1.13.0/STM32CubeIDE/plugins/com.st.stm32cube.ide.mcu.externaltools.gnu-tools-for-stm32.11.3.rel1.win32_1.1.0.202305231506/tools/bin/../lib/gcc/arm-none-eabi/11.3.1/../../../../arm-none-eabi/lib/thumb/v7e-m+fp/hard\libsupc++_nano.a
END GROUP
LOAD C:/ST/STM32CubeIDE_1.13.0/STM32CubeIDE/plugins/com.st.stm32cube.ide.mcu.externaltools.gnu-tools-for-stm32.11.3.rel1.win32_1.1.0.202305231506/tools/bin/../lib/gcc/arm-none-eabi/11.3.1/../../../../arm-none-eabi/lib/thumb/v7e-m+fp/hard\libstdc++_nano.a
LOAD C:/ST/STM32CubeIDE_1.13.0/STM32CubeIDE/plugins/com.st.stm32cube.ide.mcu.externaltools.gnu-tools-for-stm32.11.3.rel1.win32_1.1.0.202305231506/tools/bin/../lib/gcc/arm-none-eabi/11.3.1/../../../../arm-none-eabi/lib/thumb/v7e-m+fp/hard\libm.a
LOAD C:/ST/STM32CubeIDE_1.13.0/STM32CubeIDE/plugins/com.st.stm32cube.ide.mcu.externaltools.gnu-tools-for-stm32.11.3.rel1.win32_1.1.0.202305231506/tools/bin/../lib/gcc/arm-none-eabi/11.3.1/../../../../arm-none-eabi/lib/thumb/v7e-m+fp/hard\libc_nano.a
START GROUP
LOAD C:/ST/STM32CubeIDE_1.13.0/STM32CubeIDE/plugins/com.st.stm32cube.ide.mcu.externaltools.gnu-tools-for-stm32.11.3.rel1.win32_1.1.0.202305231506/tools/bin/../lib/gcc/arm-none-eabi/11.3.1/thumb/v7e-m+fp/hard\libgcc.a
LOAD C:/ST/STM32CubeIDE_1.13.0/STM32CubeIDE/plugins/com.st.stm32cube.ide.mcu.externaltools.gnu-tools-for-stm32.11.3.rel1.win32_1.1.0.202305231506/tools/bin/../lib/gcc/arm-none-eabi/11.3.1/../../../../arm-none-eabi/lib/thumb/v7e-m+fp/hard\libc_nano.a
END GROUP
START GROUP
LOAD C:/ST/STM32CubeIDE_1.13.0/STM32CubeIDE/plugins/com.st.stm32cube.ide.mcu.externaltools.gnu-tools-for-stm32.11.3.rel1.win32_1.1.0.202305231506/tools/bin/../lib/gcc/arm-none-eabi/11.3.1/thumb/v7e-m+fp/hard\libgcc.a
LOAD C:/ST/STM32CubeIDE_1.13.0/STM32CubeIDE/plugins/com.st.stm32cube.ide.mcu.externaltools.gnu-tools-for-stm32.11.3.rel1.win32_1.1.0.202305231506/tools/bin/../lib/gcc/arm-none-eabi/11.3.1/../../../../arm-none-eabi/lib/thumb/v7e-m+fp/hard\libc_nano.a
LOAD C:/ST/STM32CubeIDE_1.13.0/STM32CubeIDE/plugins/com.st.stm32cube.ide.mcu.externaltools.gnu-tools-for-stm32.11.3.rel1.win32_1.1.0.202305231506/tools/bin/../lib/gcc/arm-none-eabi/11.3.1/../../../../arm-none-eabi/lib/thumb/v7e-m+fp/hard\libnosys.a
END GROUP
START GROUP
LOAD C:/ST/STM32CubeIDE_1.13.0/STM32CubeIDE/plugins/com.st.stm32cube.ide.mcu.externaltools.gnu-tools-for-stm32.11.3.rel1.win32_1.1.0.202305231506/tools/bin/../lib/gcc/arm-none-eabi/11.3.1/thumb/v7e-m+fp/hard\libgcc.a
LOAD C:/ST/STM32CubeIDE_1.13.0/STM32CubeIDE/plugins/com.st.stm32cube.ide.mcu.externaltools.gnu-tools-for-stm32.11.3.rel1.win32_1.1.0.202305231506/tools/bin/../lib/gcc/arm-none-eabi/11.3.1/../../../../arm-none-eabi/lib/thumb/v7e-m+fp/hard\libc_nano.a
LOAD C:/ST/STM32CubeIDE_1.13.0/STM32CubeIDE/plugins/com.st.stm32cube.ide.mcu.externaltools.gnu-tools-for-stm32.11.3.rel1.win32_1.1.0.202305231506/tools/bin/../lib/gcc/arm-none-eabi/11.3.1/../../../../arm-none-eabi/lib/thumb/v7e-m+fp/hard\libnosys.a
END GROUP
LOAD C:/ST/STM32CubeIDE_1.13.0/STM32CubeIDE/plugins/com.st.stm32cube.ide.mcu.externaltools.gnu-tools-for-stm32.11.3.rel1.win32_1.1.0.202305231506/tools/bin/../lib/gcc/arm-none-eabi/11.3.1/thumb/v7e-m+fp/hard/crtend.o
LOAD C:/ST/STM32CubeIDE_1.13.0/STM32CubeIDE/plugins/com.st.stm32cube.ide.mcu.externaltools.gnu-tools-for-stm32.11.3.rel1.win32_1.1.0.202305231506/tools/bin/../lib/gcc/arm-none-eabi/11.3.1/thumb/v7e-m+fp/hard/crtn.o
                0x0000000020010000                _estack = (ORIGIN (RAM) + LENGTH (RAM))
                0x0000000000000200                _Min_Heap_Size = 0x200
                0x0000000000000400                _Min_Stack_Size = 0x400

.isr_vector     0x0000000008000000      0x18c
                0x0000000008000000                . = ALIGN (0x4)
 *(.isr_vector)
 .isr_vector    0x0000000008000000      0x18c ./Core/Startup/startup_stm32l433cbtx.o
                0x0000000008000000                g_pfnVectors
                0x000000000800018c                . = ALIGN (0x4)

.text           0x000000000800018c     0x4750
                0x000000000800018c                . = ALIGN (0x4)
 *(.text)
 .text          0x000000000800018c       0x40 C:/ST/STM32CubeIDE_1.13.0/STM32CubeIDE/plugins/com.st.stm32cube.ide.mcu.externaltools.gnu-tools-for-stm32.11.3.rel1.win32_1.1.0.202305231506/tools/bin/../lib/gcc/arm-none-eabi/11.3.1/thumb/v7e-m+fp/hard/crtbegin.o
 .text          0x00000000080001cc       0x30 C:/ST/STM32CubeIDE_1.13.0/STM32CubeIDE/plugins/com.st.stm32cube.ide.mcu.externaltools.gnu-tools-for-stm32.11.3.rel1.win32_1.1.0.202305231506/tools/bin/../lib/gcc/arm-none-eabi/11.3.1/thumb/v7e-m+fp/hard\libgcc.a(_aeabi_uldivmod.o)
                0x00000000080001cc                __aeabi_uldivmod
 .text          0x00000000080001fc      0x2c8 C:/ST/STM32CubeIDE_1.13.0/STM32CubeIDE/plugins/com.st.stm32cube.ide.mcu.externaltools.gnu-tools-for-stm32.11.3.rel1.win32_1.1.0.202305231506/tools/bin/../lib/gcc/arm-none-eabi/11.3.1/thumb/v7e-m+fp/hard\libgcc.a(_udivmoddi4.o)
                0x00000000080001fc                __udivmoddi4
 .text          0x00000000080004c4        0x4 C:/ST/STM32CubeIDE_1.13.0/STM32CubeIDE/plugins/com.st.stm32cube.ide.mcu.externaltools.gnu-tools-for-stm32.11.3.rel1.win32_1.1.0.202305231506/tools/bin/../lib/gcc/arm-none-eabi/11.3.1/thumb/v7e-m+fp/hard\libgcc.a(_dvmd_tls.o)
                0x00000000080004c4                __aeabi_idiv0
                0x00000000080004c4                __aeabi_ldiv0
 *(.text*)
 .text.main     0x00000000080004c8       0x36 ./Core/Src/main.o
                0x00000000080004c8                main
 *fill*         0x00000000080004fe        0x2 
 .text.SystemClock_Config
                0x0000000008000500       0xb4 ./Core/Src/main.o
                0x0000000008000500                SystemClock_Config
 .text.PeriphCommonClock_Config
                0x00000000080005b4       0x5c ./Core/Src/main.o
                0x00000000080005b4                PeriphCommonClock_Config
 .text.MX_ADC1_Init
                0x0000000008000610       0xc8 ./Core/Src/main.o
 .text.MX_I2C1_Init
                0x00000000080006d8       0x80 ./Core/Src/main.o
 .text.MX_LPUART1_UART_Init
                0x0000000008000758       0x5c ./Core/Src/main.o
 .text.MX_USART1_UART_Init
                0x00000000080007b4       0x60 ./Core/Src/main.o
 .text.MX_SPI1_Init
                0x0000000008000814       0x7c ./Core/Src/main.o
 .text.MX_SPI2_Init
                0x0000000008000890       0x7c ./Core/Src/main.o
 .text.MX_USB_PCD_Init
                0x000000000800090c       0x50 ./Core/Src/main.o
 .text.MX_GPIO_Init
                0x000000000800095c      0x104 ./Core/Src/main.o
 .text.Error_Handler
                0x0000000008000a60        0xa ./Core/Src/main.o
                0x0000000008000a60                Error_Handler
 *fill*         0x0000000008000a6a        0x2 
 .text.HAL_MspInit
                0x0000000008000a6c       0x48 ./Core/Src/stm32l4xx_hal_msp.o
                0x0000000008000a6c                HAL_MspInit
 .text.HAL_ADC_MspInit
                0x0000000008000ab4       0x7c ./Core/Src/stm32l4xx_hal_msp.o
                0x0000000008000ab4                HAL_ADC_MspInit
 .text.HAL_I2C_MspInit
                0x0000000008000b30       0xb4 ./Core/Src/stm32l4xx_hal_msp.o
                0x0000000008000b30                HAL_I2C_MspInit
 .text.HAL_UART_MspInit
                0x0000000008000be4      0x144 ./Core/Src/stm32l4xx_hal_msp.o
                0x0000000008000be4                HAL_UART_MspInit
 .text.HAL_SPI_MspInit
                0x0000000008000d28      0x124 ./Core/Src/stm32l4xx_hal_msp.o
                0x0000000008000d28                HAL_SPI_MspInit
 .text.HAL_PCD_MspInit
                0x0000000008000e4c       0x40 ./Core/Src/stm32l4xx_hal_msp.o
                0x0000000008000e4c                HAL_PCD_MspInit
 .text.NMI_Handler
                0x0000000008000e8c        0x6 ./Core/Src/stm32l4xx_it.o
                0x0000000008000e8c                NMI_Handler
 .text.HardFault_Handler
                0x0000000008000e92        0x6 ./Core/Src/stm32l4xx_it.o
                0x0000000008000e92                HardFault_Handler
 .text.MemManage_Handler
                0x0000000008000e98        0x6 ./Core/Src/stm32l4xx_it.o
                0x0000000008000e98                MemManage_Handler
 .text.BusFault_Handler
                0x0000000008000e9e        0x6 ./Core/Src/stm32l4xx_it.o
                0x0000000008000e9e                BusFault_Handler
 .text.UsageFault_Handler
                0x0000000008000ea4        0x6 ./Core/Src/stm32l4xx_it.o
                0x0000000008000ea4                UsageFault_Handler
 .text.SVC_Handler
                0x0000000008000eaa        0xe ./Core/Src/stm32l4xx_it.o
                0x0000000008000eaa                SVC_Handler
 .text.DebugMon_Handler
                0x0000000008000eb8        0xe ./Core/Src/stm32l4xx_it.o
                0x0000000008000eb8                DebugMon_Handler
 .text.PendSV_Handler
                0x0000000008000ec6        0xe ./Core/Src/stm32l4xx_it.o
                0x0000000008000ec6                PendSV_Handler
 .text.SysTick_Handler
                0x0000000008000ed4        0xc ./Core/Src/stm32l4xx_it.o
                0x0000000008000ed4                SysTick_Handler
 .text.SystemInit
                0x0000000008000ee0       0x24 ./Core/Src/system_stm32l4xx.o
                0x0000000008000ee0                SystemInit
 .text.Reset_Handler
                0x0000000008000f04       0x50 ./Core/Startup/startup_stm32l433cbtx.o
                0x0000000008000f04                Reset_Handler
 .text.Default_Handler
                0x0000000008000f54        0x2 ./Core/Startup/startup_stm32l433cbtx.o
                0x0000000008000f54                RTC_Alarm_IRQHandler
                0x0000000008000f54                EXTI2_IRQHandler
                0x0000000008000f54                TIM1_CC_IRQHandler
                0x0000000008000f54                TSC_IRQHandler
                0x0000000008000f54                TAMP_STAMP_IRQHandler
                0x0000000008000f54                EXTI3_IRQHandler
                0x0000000008000f54                LPTIM2_IRQHandler
                0x0000000008000f54                I2C3_ER_IRQHandler
                0x0000000008000f54                EXTI0_IRQHandler
                0x0000000008000f54                I2C2_EV_IRQHandler
                0x0000000008000f54                CAN1_RX0_IRQHandler
                0x0000000008000f54                FPU_IRQHandler
                0x0000000008000f54                TIM1_UP_TIM16_IRQHandler
                0x0000000008000f54                SPI1_IRQHandler
                0x0000000008000f54                TIM6_DAC_IRQHandler
                0x0000000008000f54                DMA2_Channel2_IRQHandler
                0x0000000008000f54                DMA1_Channel4_IRQHandler
                0x0000000008000f54                ADC1_IRQHandler
                0x0000000008000f54                USART3_IRQHandler
                0x0000000008000f54                DMA1_Channel7_IRQHandler
                0x0000000008000f54                CAN1_RX1_IRQHandler
                0x0000000008000f54                LCD_IRQHandler
                0x0000000008000f54                DMA2_Channel1_IRQHandler
                0x0000000008000f54                QUADSPI_IRQHandler
                0x0000000008000f54                I2C1_EV_IRQHandler
                0x0000000008000f54                DMA1_Channel6_IRQHandler
                0x0000000008000f54                DMA2_Channel4_IRQHandler
                0x0000000008000f54                RCC_IRQHandler
                0x0000000008000f54                TIM1_TRG_COM_IRQHandler
                0x0000000008000f54                DMA1_Channel1_IRQHandler
                0x0000000008000f54                Default_Handler
                0x0000000008000f54                DMA2_Channel7_IRQHandler
                0x0000000008000f54                EXTI15_10_IRQHandler
                0x0000000008000f54                TIM7_IRQHandler
                0x0000000008000f54                SDMMC1_IRQHandler
                0x0000000008000f54                I2C3_EV_IRQHandler
                0x0000000008000f54                USB_IRQHandler
                0x0000000008000f54                EXTI9_5_IRQHandler
                0x0000000008000f54                RTC_WKUP_IRQHandler
                0x0000000008000f54                PVD_PVM_IRQHandler
                0x0000000008000f54                SPI2_IRQHandler
                0x0000000008000f54                CAN1_TX_IRQHandler
                0x0000000008000f54                DMA2_Channel5_IRQHandler
                0x0000000008000f54                CRS_IRQHandler
                0x0000000008000f54                DMA1_Channel5_IRQHandler
                0x0000000008000f54                EXTI4_IRQHandler
                0x0000000008000f54                RNG_IRQHandler
                0x0000000008000f54                DMA1_Channel3_IRQHandler
                0x0000000008000f54                COMP_IRQHandler
                0x0000000008000f54                WWDG_IRQHandler
                0x0000000008000f54                LPUART1_IRQHandler
                0x0000000008000f54                DMA2_Channel6_IRQHandler
                0x0000000008000f54                TIM2_IRQHandler
                0x0000000008000f54                EXTI1_IRQHandler
                0x0000000008000f54                USART2_IRQHandler
                0x0000000008000f54                I2C2_ER_IRQHandler
                0x0000000008000f54                DMA1_Channel2_IRQHandler
                0x0000000008000f54                CAN1_SCE_IRQHandler
                0x0000000008000f54                FLASH_IRQHandler
                0x0000000008000f54                USART1_IRQHandler
                0x0000000008000f54                SPI3_IRQHandler
                0x0000000008000f54                I2C1_ER_IRQHandler
                0x0000000008000f54                SWPMI1_IRQHandler
                0x0000000008000f54                LPTIM1_IRQHandler
                0x0000000008000f54                SAI1_IRQHandler
                0x0000000008000f54                DMA2_Channel3_IRQHandler
                0x0000000008000f54                TIM1_BRK_TIM15_IRQHandler
 .text.HAL_Init
                0x0000000008000f56       0x30 ./Drivers/STM32L4xx_HAL_Driver/Src/stm32l4xx_hal.o
                0x0000000008000f56                HAL_Init
 *fill*         0x0000000008000f86        0x2 
 .text.HAL_InitTick
                0x0000000008000f88       0x78 ./Drivers/STM32L4xx_HAL_Driver/Src/stm32l4xx_hal.o
                0x0000000008000f88                HAL_InitTick
 .text.HAL_IncTick
                0x0000000008001000       0x28 ./Drivers/STM32L4xx_HAL_Driver/Src/stm32l4xx_hal.o
                0x0000000008001000                HAL_IncTick
 .text.HAL_GetTick
                0x0000000008001028       0x18 ./Drivers/STM32L4xx_HAL_Driver/Src/stm32l4xx_hal.o
                0x0000000008001028                HAL_GetTick
 .text.LL_ADC_SetCommonClock
                0x0000000008001040       0x26 ./Drivers/STM32L4xx_HAL_Driver/Src/stm32l4xx_hal_adc.o
 .text.LL_ADC_SetCommonPathInternalCh
                0x0000000008001066       0x26 ./Drivers/STM32L4xx_HAL_Driver/Src/stm32l4xx_hal_adc.o
 .text.LL_ADC_GetCommonPathInternalCh
                0x000000000800108c       0x1c ./Drivers/STM32L4xx_HAL_Driver/Src/stm32l4xx_hal_adc.o
 .text.LL_ADC_SetOffset
                0x00000000080010a8       0x48 ./Drivers/STM32L4xx_HAL_Driver/Src/stm32l4xx_hal_adc.o
 .text.LL_ADC_GetOffsetChannel
                0x00000000080010f0       0x2c ./Drivers/STM32L4xx_HAL_Driver/Src/stm32l4xx_hal_adc.o
 .text.LL_ADC_SetOffsetState
                0x000000000800111c       0x36 ./Drivers/STM32L4xx_HAL_Driver/Src/stm32l4xx_hal_adc.o
 .text.LL_ADC_REG_SetSequencerRanks
                0x0000000008001152       0x58 ./Drivers/STM32L4xx_HAL_Driver/Src/stm32l4xx_hal_adc.o
 .text.LL_ADC_SetChannelSamplingTime
                0x00000000080011aa       0x56 ./Drivers/STM32L4xx_HAL_Driver/Src/stm32l4xx_hal_adc.o
 .text.LL_ADC_SetChannelSingleDiff
                0x0000000008001200       0x48 ./Drivers/STM32L4xx_HAL_Driver/Src/stm32l4xx_hal_adc.o
 .text.LL_ADC_DisableDeepPowerDown
                0x0000000008001248       0x24 ./Drivers/STM32L4xx_HAL_Driver/Src/stm32l4xx_hal_adc.o
 .text.LL_ADC_IsDeepPowerDownEnabled
                0x000000000800126c       0x28 ./Drivers/STM32L4xx_HAL_Driver/Src/stm32l4xx_hal_adc.o
 .text.LL_ADC_EnableInternalRegulator
                0x0000000008001294       0x28 ./Drivers/STM32L4xx_HAL_Driver/Src/stm32l4xx_hal_adc.o
 .text.LL_ADC_IsInternalRegulatorEnabled
                0x00000000080012bc       0x28 ./Drivers/STM32L4xx_HAL_Driver/Src/stm32l4xx_hal_adc.o
 .text.LL_ADC_IsEnabled
                0x00000000080012e4       0x26 ./Drivers/STM32L4xx_HAL_Driver/Src/stm32l4xx_hal_adc.o
 .text.LL_ADC_REG_IsConversionOngoing
                0x000000000800130a       0x26 ./Drivers/STM32L4xx_HAL_Driver/Src/stm32l4xx_hal_adc.o
 .text.LL_ADC_INJ_IsConversionOngoing
                0x0000000008001330       0x26 ./Drivers/STM32L4xx_HAL_Driver/Src/stm32l4xx_hal_adc.o
 *fill*         0x0000000008001356        0x2 
 .text.HAL_ADC_Init
                0x0000000008001358      0x284 ./Drivers/STM32L4xx_HAL_Driver/Src/stm32l4xx_hal_adc.o
                0x0000000008001358                HAL_ADC_Init
 .text.HAL_ADC_ConfigChannel
                0x00000000080015dc      0x7c4 ./Drivers/STM32L4xx_HAL_Driver/Src/stm32l4xx_hal_adc.o
                0x00000000080015dc                HAL_ADC_ConfigChannel
 .text.__NVIC_SetPriorityGrouping
                0x0000000008001da0       0x48 ./Drivers/STM32L4xx_HAL_Driver/Src/stm32l4xx_hal_cortex.o
 .text.__NVIC_GetPriorityGrouping
                0x0000000008001de8       0x1c ./Drivers/STM32L4xx_HAL_Driver/Src/stm32l4xx_hal_cortex.o
 .text.__NVIC_SetPriority
                0x0000000008001e04       0x54 ./Drivers/STM32L4xx_HAL_Driver/Src/stm32l4xx_hal_cortex.o
 .text.NVIC_EncodePriority
                0x0000000008001e58       0x66 ./Drivers/STM32L4xx_HAL_Driver/Src/stm32l4xx_hal_cortex.o
 *fill*         0x0000000008001ebe        0x2 
 .text.SysTick_Config
                0x0000000008001ec0       0x44 ./Drivers/STM32L4xx_HAL_Driver/Src/stm32l4xx_hal_cortex.o
 .text.HAL_NVIC_SetPriorityGrouping
                0x0000000008001f04       0x16 ./Drivers/STM32L4xx_HAL_Driver/Src/stm32l4xx_hal_cortex.o
                0x0000000008001f04                HAL_NVIC_SetPriorityGrouping
 .text.HAL_NVIC_SetPriority
                0x0000000008001f1a       0x38 ./Drivers/STM32L4xx_HAL_Driver/Src/stm32l4xx_hal_cortex.o
                0x0000000008001f1a                HAL_NVIC_SetPriority
 .text.HAL_SYSTICK_Config
                0x0000000008001f52       0x18 ./Drivers/STM32L4xx_HAL_Driver/Src/stm32l4xx_hal_cortex.o
                0x0000000008001f52                HAL_SYSTICK_Config
 *fill*         0x0000000008001f6a        0x2 
 .text.HAL_GPIO_Init
                0x0000000008001f6c      0x2f4 ./Drivers/STM32L4xx_HAL_Driver/Src/stm32l4xx_hal_gpio.o
                0x0000000008001f6c                HAL_GPIO_Init
 .text.HAL_GPIO_WritePin
                0x0000000008002260       0x30 ./Drivers/STM32L4xx_HAL_Driver/Src/stm32l4xx_hal_gpio.o
                0x0000000008002260                HAL_GPIO_WritePin
 .text.HAL_I2C_Init
                0x0000000008002290      0x136 ./Drivers/STM32L4xx_HAL_Driver/Src/stm32l4xx_hal_i2c.o
                0x0000000008002290                HAL_I2C_Init
 .text.HAL_I2CEx_ConfigAnalogFilter
                0x00000000080023c6       0x96 ./Drivers/STM32L4xx_HAL_Driver/Src/stm32l4xx_hal_i2c_ex.o
                0x00000000080023c6                HAL_I2CEx_ConfigAnalogFilter
 .text.HAL_I2CEx_ConfigDigitalFilter
                0x000000000800245c       0x98 ./Drivers/STM32L4xx_HAL_Driver/Src/stm32l4xx_hal_i2c_ex.o
                0x000000000800245c                HAL_I2CEx_ConfigDigitalFilter
 .text.HAL_PCD_Init
                0x00000000080024f4      0x20c ./Drivers/STM32L4xx_HAL_Driver/Src/stm32l4xx_hal_pcd.o
                0x00000000080024f4                HAL_PCD_Init
 .text.HAL_PCDEx_ActivateLPM
                0x0000000008002700       0x54 ./Drivers/STM32L4xx_HAL_Driver/Src/stm32l4xx_hal_pcd_ex.o
                0x0000000008002700                HAL_PCDEx_ActivateLPM
 .text.HAL_PWR_EnableBkUpAccess
                0x0000000008002754       0x20 ./Drivers/STM32L4xx_HAL_Driver/Src/stm32l4xx_hal_pwr.o
                0x0000000008002754                HAL_PWR_EnableBkUpAccess
 .text.HAL_PWREx_GetVoltageRange
                0x0000000008002774       0x1c ./Drivers/STM32L4xx_HAL_Driver/Src/stm32l4xx_hal_pwr_ex.o
                0x0000000008002774                HAL_PWREx_GetVoltageRange
 .text.HAL_PWREx_ControlVoltageScaling
                0x0000000008002790       0xac ./Drivers/STM32L4xx_HAL_Driver/Src/stm32l4xx_hal_pwr_ex.o
                0x0000000008002790                HAL_PWREx_ControlVoltageScaling
 .text.HAL_RCC_OscConfig
                0x000000000800283c      0x828 ./Drivers/STM32L4xx_HAL_Driver/Src/stm32l4xx_hal_rcc.o
                0x000000000800283c                HAL_RCC_OscConfig
 .text.HAL_RCC_ClockConfig
                0x0000000008003064      0x200 ./Drivers/STM32L4xx_HAL_Driver/Src/stm32l4xx_hal_rcc.o
                0x0000000008003064                HAL_RCC_ClockConfig
 .text.HAL_RCC_GetSysClockFreq
                0x0000000008003264      0x114 ./Drivers/STM32L4xx_HAL_Driver/Src/stm32l4xx_hal_rcc.o
                0x0000000008003264                HAL_RCC_GetSysClockFreq
 .text.HAL_RCC_GetHCLKFreq
                0x0000000008003378       0x18 ./Drivers/STM32L4xx_HAL_Driver/Src/stm32l4xx_hal_rcc.o
                0x0000000008003378                HAL_RCC_GetHCLKFreq
 .text.HAL_RCC_GetPCLK1Freq
                0x0000000008003390       0x2c ./Drivers/STM32L4xx_HAL_Driver/Src/stm32l4xx_hal_rcc.o
                0x0000000008003390                HAL_RCC_GetPCLK1Freq
 .text.HAL_RCC_GetPCLK2Freq
                0x00000000080033bc       0x2c ./Drivers/STM32L4xx_HAL_Driver/Src/stm32l4xx_hal_rcc.o
                0x00000000080033bc                HAL_RCC_GetPCLK2Freq
 .text.RCC_SetFlashLatencyFromMSIRange
                0x00000000080033e8       0xc0 ./Drivers/STM32L4xx_HAL_Driver/Src/stm32l4xx_hal_rcc.o
 .text.HAL_RCCEx_PeriphCLKConfig
                0x00000000080034a8      0x494 ./Drivers/STM32L4xx_HAL_Driver/Src/stm32l4xx_hal_rcc_ex.o
                0x00000000080034a8                HAL_RCCEx_PeriphCLKConfig
 .text.HAL_RCCEx_EnableMSIPLLMode
                0x000000000800393c       0x20 ./Drivers/STM32L4xx_HAL_Driver/Src/stm32l4xx_hal_rcc_ex.o
                0x000000000800393c                HAL_RCCEx_EnableMSIPLLMode
 .text.RCCEx_PLLSAI1_Config
                0x000000000800395c      0x1e4 ./Drivers/STM32L4xx_HAL_Driver/Src/stm32l4xx_hal_rcc_ex.o
 .text.HAL_SPI_Init
                0x0000000008003b40      0x146 ./Drivers/STM32L4xx_HAL_Driver/Src/stm32l4xx_hal_spi.o
                0x0000000008003b40                HAL_SPI_Init
 .text.HAL_UART_Init
                0x0000000008003c86       0x9c ./Drivers/STM32L4xx_HAL_Driver/Src/stm32l4xx_hal_uart.o
                0x0000000008003c86                HAL_UART_Init
 *fill*         0x0000000008003d22        0x2 
 .text.UART_SetConfig
                0x0000000008003d24      0x4b4 ./Drivers/STM32L4xx_HAL_Driver/Src/stm32l4xx_hal_uart.o
                0x0000000008003d24                UART_SetConfig
 .text.UART_AdvFeatureConfig
                0x00000000080041d8      0x144 ./Drivers/STM32L4xx_HAL_Driver/Src/stm32l4xx_hal_uart.o
                0x00000000080041d8                UART_AdvFeatureConfig
 .text.UART_CheckIdleState
                0x000000000800431c      0x150 ./Drivers/STM32L4xx_HAL_Driver/Src/stm32l4xx_hal_uart.o
                0x000000000800431c                UART_CheckIdleState
 .text.UART_WaitOnFlagUntilTimeout
                0x000000000800446c       0xce ./Drivers/STM32L4xx_HAL_Driver/Src/stm32l4xx_hal_uart.o
                0x000000000800446c                UART_WaitOnFlagUntilTimeout
 .text.UART_EndRxTransfer
                0x000000000800453a       0xc8 ./Drivers/STM32L4xx_HAL_Driver/Src/stm32l4xx_hal_uart.o
 .text.USB_CoreInit
                0x0000000008004602       0x22 ./Drivers/STM32L4xx_HAL_Driver/Src/stm32l4xx_ll_usb.o
                0x0000000008004602                USB_CoreInit
 .text.USB_DisableGlobalInt
                0x0000000008004624       0x36 ./Drivers/STM32L4xx_HAL_Driver/Src/stm32l4xx_ll_usb.o
                0x0000000008004624                USB_DisableGlobalInt
 .text.USB_SetCurrentMode
                0x000000000800465a       0x1a ./Drivers/STM32L4xx_HAL_Driver/Src/stm32l4xx_ll_usb.o
                0x000000000800465a                USB_SetCurrentMode
 .text.USB_DevInit
                0x0000000008004674       0x42 ./Drivers/STM32L4xx_HAL_Driver/Src/stm32l4xx_ll_usb.o
                0x0000000008004674                USB_DevInit
 .text.USB_DevDisconnect
                0x00000000080046b6       0x2a ./Drivers/STM32L4xx_HAL_Driver/Src/stm32l4xx_ll_usb.o
                0x00000000080046b6                USB_DevDisconnect
 .text.MX_FATFS_Init
                0x00000000080046e0       0x24 ./FATFS/App/fatfs.o
                0x00000000080046e0                MX_FATFS_Init
 .text.USER_initialize
                0x0000000008004704       0x28 ./FATFS/Target/user_diskio.o
                0x0000000008004704                USER_initialize
 .text.USER_status
                0x000000000800472c       0x28 ./FATFS/Target/user_diskio.o
                0x000000000800472c                USER_status
 .text.USER_read
                0x0000000008004754       0x1e ./FATFS/Target/user_diskio.o
                0x0000000008004754                USER_read
 .text.USER_write
                0x0000000008004772       0x1e ./FATFS/Target/user_diskio.o
                0x0000000008004772                USER_write
 .text.USER_ioctl
                0x0000000008004790       0x22 ./FATFS/Target/user_diskio.o
                0x0000000008004790                USER_ioctl
 *fill*         0x00000000080047b2        0x2 
 .text.FATFS_LinkDriverEx
                0x00000000080047b4       0x98 ./Middlewares/Third_Party/FatFs/src/ff_gen_drv.o
                0x00000000080047b4                FATFS_LinkDriverEx
 .text.FATFS_LinkDriver
                0x000000000800484c       0x1e ./Middlewares/Third_Party/FatFs/src/ff_gen_drv.o
                0x000000000800484c                FATFS_LinkDriver
 .text.memset   0x000000000800486a       0x10 C:/ST/STM32CubeIDE_1.13.0/STM32CubeIDE/plugins/com.st.stm32cube.ide.mcu.externaltools.gnu-tools-for-stm32.11.3.rel1.win32_1.1.0.202305231506/tools/bin/../lib/gcc/arm-none-eabi/11.3.1/../../../../arm-none-eabi/lib/thumb/v7e-m+fp/hard\libc_nano.a(libc_a-memset.o)
                0x000000000800486a                memset
 *fill*         0x000000000800487a        0x2 
 .text.__libc_init_array
                0x000000000800487c       0x48 C:/ST/STM32CubeIDE_1.13.0/STM32CubeIDE/plugins/com.st.stm32cube.ide.mcu.externaltools.gnu-tools-for-stm32.11.3.rel1.win32_1.1.0.202305231506/tools/bin/../lib/gcc/arm-none-eabi/11.3.1/../../../../arm-none-eabi/lib/thumb/v7e-m+fp/hard\libc_nano.a(libc_a-init.o)
                0x000000000800487c                __libc_init_array
 *(.glue_7)
 .glue_7        0x00000000080048c4        0x0 linker stubs
 *(.glue_7t)
 .glue_7t       0x00000000080048c4        0x0 linker stubs
 *(.eh_frame)
 .eh_frame      0x00000000080048c4        0x0 C:/ST/STM32CubeIDE_1.13.0/STM32CubeIDE/plugins/com.st.stm32cube.ide.mcu.externaltools.gnu-tools-for-stm32.11.3.rel1.win32_1.1.0.202305231506/tools/bin/../lib/gcc/arm-none-eabi/11.3.1/thumb/v7e-m+fp/hard/crtbegin.o
 *(.init)
 .init          0x00000000080048c4        0x4 C:/ST/STM32CubeIDE_1.13.0/STM32CubeIDE/plugins/com.st.stm32cube.ide.mcu.externaltools.gnu-tools-for-stm32.11.3.rel1.win32_1.1.0.202305231506/tools/bin/../lib/gcc/arm-none-eabi/11.3.1/thumb/v7e-m+fp/hard/crti.o
                0x00000000080048c4                _init
 .init          0x00000000080048c8        0x8 C:/ST/STM32CubeIDE_1.13.0/STM32CubeIDE/plugins/com.st.stm32cube.ide.mcu.externaltools.gnu-tools-for-stm32.11.3.rel1.win32_1.1.0.202305231506/tools/bin/../lib/gcc/arm-none-eabi/11.3.1/thumb/v7e-m+fp/hard/crtn.o
 *(.fini)
 .fini          0x00000000080048d0        0x4 C:/ST/STM32CubeIDE_1.13.0/STM32CubeIDE/plugins/com.st.stm32cube.ide.mcu.externaltools.gnu-tools-for-stm32.11.3.rel1.win32_1.1.0.202305231506/tools/bin/../lib/gcc/arm-none-eabi/11.3.1/thumb/v7e-m+fp/hard/crti.o
                0x00000000080048d0                _fini
 .fini          0x00000000080048d4        0x8 C:/ST/STM32CubeIDE_1.13.0/STM32CubeIDE/plugins/com.st.stm32cube.ide.mcu.externaltools.gnu-tools-for-stm32.11.3.rel1.win32_1.1.0.202305231506/tools/bin/../lib/gcc/arm-none-eabi/11.3.1/thumb/v7e-m+fp/hard/crtn.o
                0x00000000080048dc                . = ALIGN (0x4)
                0x00000000080048dc                _etext = .

.vfp11_veneer   0x00000000080048dc        0x0
 .vfp11_veneer  0x00000000080048dc        0x0 linker stubs

.v4_bx          0x00000000080048dc        0x0
 .v4_bx         0x00000000080048dc        0x0 linker stubs

.iplt           0x00000000080048dc        0x0
 .iplt          0x00000000080048dc        0x0 C:/ST/STM32CubeIDE_1.13.0/STM32CubeIDE/plugins/com.st.stm32cube.ide.mcu.externaltools.gnu-tools-for-stm32.11.3.rel1.win32_1.1.0.202305231506/tools/bin/../lib/gcc/arm-none-eabi/11.3.1/thumb/v7e-m+fp/hard/crtbegin.o

.rodata         0x00000000080048dc       0x48
                0x00000000080048dc                . = ALIGN (0x4)
 *(.rodata)
 *(.rodata*)
 .rodata.AHBPrescTable
                0x00000000080048dc       0x10 ./Core/Src/system_stm32l4xx.o
                0x00000000080048dc                AHBPrescTable
 .rodata.APBPrescTable
                0x00000000080048ec        0x8 ./Core/Src/system_stm32l4xx.o
                0x00000000080048ec                APBPrescTable
 .rodata.MSIRangeTable
                0x00000000080048f4       0x30 ./Core/Src/system_stm32l4xx.o
                0x00000000080048f4                MSIRangeTable
                0x0000000008004924                . = ALIGN (0x4)

.ARM.extab      0x0000000008004924        0x0
                0x0000000008004924                . = ALIGN (0x4)
 *(.ARM.extab* .gnu.linkonce.armextab.*)
                0x0000000008004924                . = ALIGN (0x4)

.ARM            0x0000000008004924        0x8
                0x0000000008004924                . = ALIGN (0x4)
                0x0000000008004924                __exidx_start = .
 *(.ARM.exidx*)
 .ARM.exidx     0x0000000008004924        0x8 C:/ST/STM32CubeIDE_1.13.0/STM32CubeIDE/plugins/com.st.stm32cube.ide.mcu.externaltools.gnu-tools-for-stm32.11.3.rel1.win32_1.1.0.202305231506/tools/bin/../lib/gcc/arm-none-eabi/11.3.1/thumb/v7e-m+fp/hard\libgcc.a(_udivmoddi4.o)
                0x000000000800492c                __exidx_end = .
                0x000000000800492c                . = ALIGN (0x4)

.rel.dyn        0x000000000800492c        0x0
 .rel.iplt      0x000000000800492c        0x0 C:/ST/STM32CubeIDE_1.13.0/STM32CubeIDE/plugins/com.st.stm32cube.ide.mcu.externaltools.gnu-tools-for-stm32.11.3.rel1.win32_1.1.0.202305231506/tools/bin/../lib/gcc/arm-none-eabi/11.3.1/thumb/v7e-m+fp/hard/crtbegin.o

.preinit_array  0x000000000800492c        0x0
                0x000000000800492c                . = ALIGN (0x4)
                0x000000000800492c                PROVIDE (__preinit_array_start = .)
 *(.preinit_array*)
                0x000000000800492c                PROVIDE (__preinit_array_end = .)
                0x000000000800492c                . = ALIGN (0x4)

.init_array     0x000000000800492c        0x4
                0x000000000800492c                . = ALIGN (0x4)
                0x000000000800492c                PROVIDE (__init_array_start = .)
 *(SORT_BY_NAME(.init_array.*))
 *(.init_array*)
 .init_array    0x000000000800492c        0x4 C:/ST/STM32CubeIDE_1.13.0/STM32CubeIDE/plugins/com.st.stm32cube.ide.mcu.externaltools.gnu-tools-for-stm32.11.3.rel1.win32_1.1.0.202305231506/tools/bin/../lib/gcc/arm-none-eabi/11.3.1/thumb/v7e-m+fp/hard/crtbegin.o
                0x0000000008004930                PROVIDE (__init_array_end = .)
                0x0000000008004930                . = ALIGN (0x4)

.fini_array     0x0000000008004930        0x4
                0x0000000008004930                . = ALIGN (0x4)
                [!provide]                        PROVIDE (__fini_array_start = .)
 *(SORT_BY_NAME(.fini_array.*))
 *(.fini_array*)
 .fini_array    0x0000000008004930        0x4 C:/ST/STM32CubeIDE_1.13.0/STM32CubeIDE/plugins/com.st.stm32cube.ide.mcu.externaltools.gnu-tools-for-stm32.11.3.rel1.win32_1.1.0.202305231506/tools/bin/../lib/gcc/arm-none-eabi/11.3.1/thumb/v7e-m+fp/hard/crtbegin.o
                [!provide]                        PROVIDE (__fini_array_end = .)
                0x0000000008004934                . = ALIGN (0x4)
                0x0000000008004934                _sidata = LOADADDR (.data)

.data           0x0000000020000000       0x20 load address 0x0000000008004934
                0x0000000020000000                . = ALIGN (0x4)
                0x0000000020000000                _sdata = .
 *(.data)
 *(.data*)
 .data.SystemCoreClock
                0x0000000020000000        0x4 ./Core/Src/system_stm32l4xx.o
                0x0000000020000000                SystemCoreClock
 .data.uwTickPrio
                0x0000000020000004        0x4 ./Drivers/STM32L4xx_HAL_Driver/Src/stm32l4xx_hal.o
                0x0000000020000004                uwTickPrio
 .data.uwTickFreq
                0x0000000020000008        0x1 ./Drivers/STM32L4xx_HAL_Driver/Src/stm32l4xx_hal.o
                0x0000000020000008                uwTickFreq
 .data.Stat     0x0000000020000009        0x1 ./FATFS/Target/user_diskio.o
 *fill*         0x000000002000000a        0x2 
 .data.USER_Driver
                0x000000002000000c       0x14 ./FATFS/Target/user_diskio.o
                0x000000002000000c                USER_Driver
 *(.RamFunc)
 *(.RamFunc*)
                0x0000000020000020                . = ALIGN (0x4)
                0x0000000020000020                _edata = .

.igot.plt       0x0000000020000020        0x0 load address 0x0000000008004954
 .igot.plt      0x0000000020000020        0x0 C:/ST/STM32CubeIDE_1.13.0/STM32CubeIDE/plugins/com.st.stm32cube.ide.mcu.externaltools.gnu-tools-for-stm32.11.3.rel1.win32_1.1.0.202305231506/tools/bin/../lib/gcc/arm-none-eabi/11.3.1/thumb/v7e-m+fp/hard/crtbegin.o
                0x0000000020000020                . = ALIGN (0x4)

.bss            0x0000000020000020      0x5bc load address 0x0000000008004954
                0x0000000020000020                _sbss = .
                0x0000000020000020                __bss_start__ = _sbss
 *(.bss)
 .bss           0x0000000020000020       0x1c C:/ST/STM32CubeIDE_1.13.0/STM32CubeIDE/plugins/com.st.stm32cube.ide.mcu.externaltools.gnu-tools-for-stm32.11.3.rel1.win32_1.1.0.202305231506/tools/bin/../lib/gcc/arm-none-eabi/11.3.1/thumb/v7e-m+fp/hard/crtbegin.o
 *(.bss*)
 .bss.hadc1     0x000000002000003c       0x64 ./Core/Src/main.o
                0x000000002000003c                hadc1
 .bss.hi2c1     0x00000000200000a0       0x54 ./Core/Src/main.o
                0x00000000200000a0                hi2c1
 .bss.hlpuart1  0x00000000200000f4       0x88 ./Core/Src/main.o
                0x00000000200000f4                hlpuart1
 .bss.huart1    0x000000002000017c       0x88 ./Core/Src/main.o
                0x000000002000017c                huart1
 .bss.hspi1     0x0000000020000204       0x64 ./Core/Src/main.o
                0x0000000020000204                hspi1
 .bss.hspi2     0x0000000020000268       0x64 ./Core/Src/main.o
                0x0000000020000268                hspi2
 .bss.hpcd_USB_FS
                0x00000000200002cc      0x2f8 ./Core/Src/main.o
                0x00000000200002cc                hpcd_USB_FS
 .bss.uwTick    0x00000000200005c4        0x4 ./Drivers/STM32L4xx_HAL_Driver/Src/stm32l4xx_hal.o
                0x00000000200005c4                uwTick
 .bss.retUSER   0x00000000200005c8        0x1 ./FATFS/App/fatfs.o
                0x00000000200005c8                retUSER
 *fill*         0x00000000200005c9        0x3 
 .bss.USERPath  0x00000000200005cc        0x4 ./FATFS/App/fatfs.o
                0x00000000200005cc                USERPath
 .bss.disk      0x00000000200005d0        0xc ./Middlewares/Third_Party/FatFs/src/ff_gen_drv.o
                0x00000000200005d0                disk
 *(COMMON)
                0x00000000200005dc                . = ALIGN (0x4)
                0x00000000200005dc                _ebss = .
                0x00000000200005dc                __bss_end__ = _ebss

._user_heap_stack
                0x00000000200005dc      0x604 load address 0x0000000008004954
                0x00000000200005e0                . = ALIGN (0x8)
 *fill*         0x00000000200005dc        0x4 
                [!provide]                        PROVIDE (end = .)
                0x00000000200005e0                PROVIDE (_end = .)
                0x00000000200007e0                . = (. + _Min_Heap_Size)
 *fill*         0x00000000200005e0      0x200 
                0x0000000020000be0                . = (. + _Min_Stack_Size)
 *fill*         0x00000000200007e0      0x400 
                0x0000000020000be0                . = ALIGN (0x8)

/DISCARD/
 libc.a(*)
 libm.a(*)
 libgcc.a(*)

.ARM.attributes
                0x0000000000000000       0x30
 *(.ARM.attributes)
 .ARM.attributes
                0x0000000000000000       0x1e C:/ST/STM32CubeIDE_1.13.0/STM32CubeIDE/plugins/com.st.stm32cube.ide.mcu.externaltools.gnu-tools-for-stm32.11.3.rel1.win32_1.1.0.202305231506/tools/bin/../lib/gcc/arm-none-eabi/11.3.1/thumb/v7e-m+fp/hard/crti.o
 .ARM.attributes
                0x000000000000001e       0x34 C:/ST/STM32CubeIDE_1.13.0/STM32CubeIDE/plugins/com.st.stm32cube.ide.mcu.externaltools.gnu-tools-for-stm32.11.3.rel1.win32_1.1.0.202305231506/tools/bin/../lib/gcc/arm-none-eabi/11.3.1/thumb/v7e-m+fp/hard/crtbegin.o
 .ARM.attributes
                0x0000000000000052       0x34 ./Core/Src/main.o
 .ARM.attributes
                0x0000000000000086       0x34 ./Core/Src/stm32l4xx_hal_msp.o
 .ARM.attributes
                0x00000000000000ba       0x34 ./Core/Src/stm32l4xx_it.o
 .ARM.attributes
                0x00000000000000ee       0x34 ./Core/Src/system_stm32l4xx.o
 .ARM.attributes
                0x0000000000000122       0x21 ./Core/Startup/startup_stm32l433cbtx.o
 .ARM.attributes
                0x0000000000000143       0x34 ./Drivers/STM32L4xx_HAL_Driver/Src/stm32l4xx_hal.o
 .ARM.attributes
                0x0000000000000177       0x34 ./Drivers/STM32L4xx_HAL_Driver/Src/stm32l4xx_hal_adc.o
 .ARM.attributes
                0x00000000000001ab       0x34 ./Drivers/STM32L4xx_HAL_Driver/Src/stm32l4xx_hal_cortex.o
 .ARM.attributes
                0x00000000000001df       0x34 ./Drivers/STM32L4xx_HAL_Driver/Src/stm32l4xx_hal_gpio.o
 .ARM.attributes
                0x0000000000000213       0x34 ./Drivers/STM32L4xx_HAL_Driver/Src/stm32l4xx_hal_i2c.o
 .ARM.attributes
                0x0000000000000247       0x34 ./Drivers/STM32L4xx_HAL_Driver/Src/stm32l4xx_hal_i2c_ex.o
 .ARM.attributes
                0x000000000000027b       0x34 ./Drivers/STM32L4xx_HAL_Driver/Src/stm32l4xx_hal_pcd.o
 .ARM.attributes
                0x00000000000002af       0x34 ./Drivers/STM32L4xx_HAL_Driver/Src/stm32l4xx_hal_pcd_ex.o
 .ARM.attributes
                0x00000000000002e3       0x34 ./Drivers/STM32L4xx_HAL_Driver/Src/stm32l4xx_hal_pwr.o
 .ARM.attributes
                0x0000000000000317       0x34 ./Drivers/STM32L4xx_HAL_Driver/Src/stm32l4xx_hal_pwr_ex.o
 .ARM.attributes
                0x000000000000034b       0x34 ./Drivers/STM32L4xx_HAL_Driver/Src/stm32l4xx_hal_rcc.o
 .ARM.attributes
                0x000000000000037f       0x34 ./Drivers/STM32L4xx_HAL_Driver/Src/stm32l4xx_hal_rcc_ex.o
 .ARM.attributes
                0x00000000000003b3       0x34 ./Drivers/STM32L4xx_HAL_Driver/Src/stm32l4xx_hal_spi.o
 .ARM.attributes
                0x00000000000003e7       0x34 ./Drivers/STM32L4xx_HAL_Driver/Src/stm32l4xx_hal_uart.o
 .ARM.attributes
                0x000000000000041b       0x34 ./Drivers/STM32L4xx_HAL_Driver/Src/stm32l4xx_ll_usb.o
 .ARM.attributes
                0x000000000000044f       0x34 ./FATFS/App/fatfs.o
 .ARM.attributes
                0x0000000000000483       0x34 ./FATFS/Target/user_diskio.o
 .ARM.attributes
                0x00000000000004b7       0x34 ./Middlewares/Third_Party/FatFs/src/ff_gen_drv.o
 .ARM.attributes
                0x00000000000004eb       0x34 C:/ST/STM32CubeIDE_1.13.0/STM32CubeIDE/plugins/com.st.stm32cube.ide.mcu.externaltools.gnu-tools-for-stm32.11.3.rel1.win32_1.1.0.202305231506/tools/bin/../lib/gcc/arm-none-eabi/11.3.1/../../../../arm-none-eabi/lib/thumb/v7e-m+fp/hard\libc_nano.a(libc_a-memset.o)
 .ARM.attributes
                0x000000000000051f       0x34 C:/ST/STM32CubeIDE_1.13.0/STM32CubeIDE/plugins/com.st.stm32cube.ide.mcu.externaltools.gnu-tools-for-stm32.11.3.rel1.win32_1.1.0.202305231506/tools/bin/../lib/gcc/arm-none-eabi/11.3.1/../../../../arm-none-eabi/lib/thumb/v7e-m+fp/hard\libc_nano.a(libc_a-init.o)
 .ARM.attributes
                0x0000000000000553       0x1e C:/ST/STM32CubeIDE_1.13.0/STM32CubeIDE/plugins/com.st.stm32cube.ide.mcu.externaltools.gnu-tools-for-stm32.11.3.rel1.win32_1.1.0.202305231506/tools/bin/../lib/gcc/arm-none-eabi/11.3.1/thumb/v7e-m+fp/hard\libgcc.a(_aeabi_uldivmod.o)
 .ARM.attributes
                0x0000000000000571       0x34 C:/ST/STM32CubeIDE_1.13.0/STM32CubeIDE/plugins/com.st.stm32cube.ide.mcu.externaltools.gnu-tools-for-stm32.11.3.rel1.win32_1.1.0.202305231506/tools/bin/../lib/gcc/arm-none-eabi/11.3.1/thumb/v7e-m+fp/hard\libgcc.a(_udivmoddi4.o)
 .ARM.attributes
                0x00000000000005a5       0x1e C:/ST/STM32CubeIDE_1.13.0/STM32CubeIDE/plugins/com.st.stm32cube.ide.mcu.externaltools.gnu-tools-for-stm32.11.3.rel1.win32_1.1.0.202305231506/tools/bin/../lib/gcc/arm-none-eabi/11.3.1/thumb/v7e-m+fp/hard\libgcc.a(_dvmd_tls.o)
 .ARM.attributes
                0x00000000000005c3       0x1e C:/ST/STM32CubeIDE_1.13.0/STM32CubeIDE/plugins/com.st.stm32cube.ide.mcu.externaltools.gnu-tools-for-stm32.11.3.rel1.win32_1.1.0.202305231506/tools/bin/../lib/gcc/arm-none-eabi/11.3.1/thumb/v7e-m+fp/hard/crtn.o
OUTPUT(BinarX Rocket Payload.elf elf32-littlearm)
LOAD linker stubs
LOAD C:/ST/STM32CubeIDE_1.13.0/STM32CubeIDE/plugins/com.st.stm32cube.ide.mcu.externaltools.gnu-tools-for-stm32.11.3.rel1.win32_1.1.0.202305231506/tools/bin/../lib/gcc/arm-none-eabi/11.3.1/../../../../arm-none-eabi/lib/thumb/v7e-m+fp/hard\libc.a
LOAD C:/ST/STM32CubeIDE_1.13.0/STM32CubeIDE/plugins/com.st.stm32cube.ide.mcu.externaltools.gnu-tools-for-stm32.11.3.rel1.win32_1.1.0.202305231506/tools/bin/../lib/gcc/arm-none-eabi/11.3.1/../../../../arm-none-eabi/lib/thumb/v7e-m+fp/hard\libm.a
LOAD C:/ST/STM32CubeIDE_1.13.0/STM32CubeIDE/plugins/com.st.stm32cube.ide.mcu.externaltools.gnu-tools-for-stm32.11.3.rel1.win32_1.1.0.202305231506/tools/bin/../lib/gcc/arm-none-eabi/11.3.1/thumb/v7e-m+fp/hard\libgcc.a

.comment        0x0000000000000000       0x43
 .comment       0x0000000000000000       0x43 C:/ST/STM32CubeIDE_1.13.0/STM32CubeIDE/plugins/com.st.stm32cube.ide.mcu.externaltools.gnu-tools-for-stm32.11.3.rel1.win32_1.1.0.202305231506/tools/bin/../lib/gcc/arm-none-eabi/11.3.1/thumb/v7e-m+fp/hard/crtbegin.o
                                         0x44 (size before relaxing)
 .comment       0x0000000000000043       0x44 ./Core/Src/main.o
 .comment       0x0000000000000043       0x44 ./Core/Src/stm32l4xx_hal_msp.o
 .comment       0x0000000000000043       0x44 ./Core/Src/stm32l4xx_it.o
 .comment       0x0000000000000043       0x44 ./Core/Src/system_stm32l4xx.o
 .comment       0x0000000000000043       0x44 ./Drivers/STM32L4xx_HAL_Driver/Src/stm32l4xx_hal.o
 .comment       0x0000000000000043       0x44 ./Drivers/STM32L4xx_HAL_Driver/Src/stm32l4xx_hal_adc.o
 .comment       0x0000000000000043       0x44 ./Drivers/STM32L4xx_HAL_Driver/Src/stm32l4xx_hal_cortex.o
 .comment       0x0000000000000043       0x44 ./Drivers/STM32L4xx_HAL_Driver/Src/stm32l4xx_hal_gpio.o
 .comment       0x0000000000000043       0x44 ./Drivers/STM32L4xx_HAL_Driver/Src/stm32l4xx_hal_i2c.o
 .comment       0x0000000000000043       0x44 ./Drivers/STM32L4xx_HAL_Driver/Src/stm32l4xx_hal_i2c_ex.o
 .comment       0x0000000000000043       0x44 ./Drivers/STM32L4xx_HAL_Driver/Src/stm32l4xx_hal_pcd.o
 .comment       0x0000000000000043       0x44 ./Drivers/STM32L4xx_HAL_Driver/Src/stm32l4xx_hal_pcd_ex.o
 .comment       0x0000000000000043       0x44 ./Drivers/STM32L4xx_HAL_Driver/Src/stm32l4xx_hal_pwr.o
 .comment       0x0000000000000043       0x44 ./Drivers/STM32L4xx_HAL_Driver/Src/stm32l4xx_hal_pwr_ex.o
 .comment       0x0000000000000043       0x44 ./Drivers/STM32L4xx_HAL_Driver/Src/stm32l4xx_hal_rcc.o
 .comment       0x0000000000000043       0x44 ./Drivers/STM32L4xx_HAL_Driver/Src/stm32l4xx_hal_rcc_ex.o
 .comment       0x0000000000000043       0x44 ./Drivers/STM32L4xx_HAL_Driver/Src/stm32l4xx_hal_spi.o
 .comment       0x0000000000000043       0x44 ./Drivers/STM32L4xx_HAL_Driver/Src/stm32l4xx_hal_uart.o
 .comment       0x0000000000000043       0x44 ./Drivers/STM32L4xx_HAL_Driver/Src/stm32l4xx_ll_usb.o
 .comment       0x0000000000000043       0x44 ./FATFS/App/fatfs.o
 .comment       0x0000000000000043       0x44 ./FATFS/Target/user_diskio.o
 .comment       0x0000000000000043       0x44 ./Middlewares/Third_Party/FatFs/src/ff_gen_drv.o

.debug_info     0x0000000000000000    0x16a1b
 .debug_info    0x0000000000000000     0x1f42 ./Core/Src/main.o
 .debug_info    0x0000000000001f42     0x1d52 ./Core/Src/stm32l4xx_hal_msp.o
 .debug_info    0x0000000000003c94      0x113 ./Core/Src/stm32l4xx_it.o
 .debug_info    0x0000000000003da7      0x5bf ./Core/Src/system_stm32l4xx.o
 .debug_info    0x0000000000004366       0x23 ./Core/Startup/startup_stm32l433cbtx.o
 .debug_info    0x0000000000004389      0xa9f ./Drivers/STM32L4xx_HAL_Driver/Src/stm32l4xx_hal.o
 .debug_info    0x0000000000004e28     0x1cc4 ./Drivers/STM32L4xx_HAL_Driver/Src/stm32l4xx_hal_adc.o
 .debug_info    0x0000000000006aec      0xcf2 ./Drivers/STM32L4xx_HAL_Driver/Src/stm32l4xx_hal_cortex.o
 .debug_info    0x00000000000077de      0x757 ./Drivers/STM32L4xx_HAL_Driver/Src/stm32l4xx_hal_gpio.o
 .debug_info    0x0000000000007f35     0x2093 ./Drivers/STM32L4xx_HAL_Driver/Src/stm32l4xx_hal_i2c.o
 .debug_info    0x0000000000009fc8      0x98d ./Drivers/STM32L4xx_HAL_Driver/Src/stm32l4xx_hal_i2c_ex.o
 .debug_info    0x000000000000a955     0x16a0 ./Drivers/STM32L4xx_HAL_Driver/Src/stm32l4xx_hal_pcd.o
 .debug_info    0x000000000000bff5      0x828 ./Drivers/STM32L4xx_HAL_Driver/Src/stm32l4xx_hal_pcd_ex.o
 .debug_info    0x000000000000c81d      0x92c ./Drivers/STM32L4xx_HAL_Driver/Src/stm32l4xx_hal_pwr.o
 .debug_info    0x000000000000d149      0x920 ./Drivers/STM32L4xx_HAL_Driver/Src/stm32l4xx_hal_pwr_ex.o
 .debug_info    0x000000000000da69      0xbc3 ./Drivers/STM32L4xx_HAL_Driver/Src/stm32l4xx_hal_rcc.o
 .debug_info    0x000000000000e62c      0xf0c ./Drivers/STM32L4xx_HAL_Driver/Src/stm32l4xx_hal_rcc_ex.o
 .debug_info    0x000000000000f538     0x161a ./Drivers/STM32L4xx_HAL_Driver/Src/stm32l4xx_hal_spi.o
 .debug_info    0x0000000000010b52     0x3b77 ./Drivers/STM32L4xx_HAL_Driver/Src/stm32l4xx_hal_uart.o
 .debug_info    0x00000000000146c9     0x17d2 ./Drivers/STM32L4xx_HAL_Driver/Src/stm32l4xx_ll_usb.o
 .debug_info    0x0000000000015e9b      0x4d9 ./FATFS/App/fatfs.o
 .debug_info    0x0000000000016374      0x328 ./FATFS/Target/user_diskio.o
 .debug_info    0x000000000001669c      0x37f ./Middlewares/Third_Party/FatFs/src/ff_gen_drv.o

.debug_abbrev   0x0000000000000000     0x2e42
 .debug_abbrev  0x0000000000000000      0x2db ./Core/Src/main.o
 .debug_abbrev  0x00000000000002db      0x25b ./Core/Src/stm32l4xx_hal_msp.o
 .debug_abbrev  0x0000000000000536       0x73 ./Core/Src/stm32l4xx_it.o
 .debug_abbrev  0x00000000000005a9      0x11a ./Core/Src/system_stm32l4xx.o
 .debug_abbrev  0x00000000000006c3       0x12 ./Core/Startup/startup_stm32l433cbtx.o
 .debug_abbrev  0x00000000000006d5      0x242 ./Drivers/STM32L4xx_HAL_Driver/Src/stm32l4xx_hal.o
 .debug_abbrev  0x0000000000000917      0x2d7 ./Drivers/STM32L4xx_HAL_Driver/Src/stm32l4xx_hal_adc.o
 .debug_abbrev  0x0000000000000bee      0x327 ./Drivers/STM32L4xx_HAL_Driver/Src/stm32l4xx_hal_cortex.o
 .debug_abbrev  0x0000000000000f15      0x1cb ./Drivers/STM32L4xx_HAL_Driver/Src/stm32l4xx_hal_gpio.o
 .debug_abbrev  0x00000000000010e0      0x261 ./Drivers/STM32L4xx_HAL_Driver/Src/stm32l4xx_hal_i2c.o
 .debug_abbrev  0x0000000000001341      0x1c3 ./Drivers/STM32L4xx_HAL_Driver/Src/stm32l4xx_hal_i2c_ex.o
 .debug_abbrev  0x0000000000001504      0x2ca ./Drivers/STM32L4xx_HAL_Driver/Src/stm32l4xx_hal_pcd.o
 .debug_abbrev  0x00000000000017ce      0x1e8 ./Drivers/STM32L4xx_HAL_Driver/Src/stm32l4xx_hal_pcd_ex.o
 .debug_abbrev  0x00000000000019b6      0x1d4 ./Drivers/STM32L4xx_HAL_Driver/Src/stm32l4xx_hal_pwr.o
 .debug_abbrev  0x0000000000001b8a      0x1f9 ./Drivers/STM32L4xx_HAL_Driver/Src/stm32l4xx_hal_pwr_ex.o
 .debug_abbrev  0x0000000000001d83      0x2cb ./Drivers/STM32L4xx_HAL_Driver/Src/stm32l4xx_hal_rcc.o
 .debug_abbrev  0x000000000000204e      0x2a1 ./Drivers/STM32L4xx_HAL_Driver/Src/stm32l4xx_hal_rcc_ex.o
 .debug_abbrev  0x00000000000022ef      0x26a ./Drivers/STM32L4xx_HAL_Driver/Src/stm32l4xx_hal_spi.o
 .debug_abbrev  0x0000000000002559      0x2d0 ./Drivers/STM32L4xx_HAL_Driver/Src/stm32l4xx_hal_uart.o
 .debug_abbrev  0x0000000000002829      0x1de ./Drivers/STM32L4xx_HAL_Driver/Src/stm32l4xx_ll_usb.o
 .debug_abbrev  0x0000000000002a07      0x160 ./FATFS/App/fatfs.o
 .debug_abbrev  0x0000000000002b67      0x13c ./FATFS/Target/user_diskio.o
 .debug_abbrev  0x0000000000002ca3      0x19f ./Middlewares/Third_Party/FatFs/src/ff_gen_drv.o

.debug_aranges  0x0000000000000000     0x13a0
 .debug_aranges
                0x0000000000000000       0x78 ./Core/Src/main.o
 .debug_aranges
                0x0000000000000078       0x70 ./Core/Src/stm32l4xx_hal_msp.o
 .debug_aranges
                0x00000000000000e8       0x60 ./Core/Src/stm32l4xx_it.o
 .debug_aranges
                0x0000000000000148       0x28 ./Core/Src/system_stm32l4xx.o
 .debug_aranges
                0x0000000000000170       0x28 ./Core/Startup/startup_stm32l433cbtx.o
 .debug_aranges
                0x0000000000000198      0x130 ./Drivers/STM32L4xx_HAL_Driver/Src/stm32l4xx_hal.o
 .debug_aranges
                0x00000000000002c8      0x210 ./Drivers/STM32L4xx_HAL_Driver/Src/stm32l4xx_hal_adc.o
 .debug_aranges
                0x00000000000004d8      0x118 ./Drivers/STM32L4xx_HAL_Driver/Src/stm32l4xx_hal_cortex.o
 .debug_aranges
                0x00000000000005f0       0x58 ./Drivers/STM32L4xx_HAL_Driver/Src/stm32l4xx_hal_gpio.o
 .debug_aranges
                0x0000000000000648      0x2a0 ./Drivers/STM32L4xx_HAL_Driver/Src/stm32l4xx_hal_i2c.o
 .debug_aranges
                0x00000000000008e8       0x48 ./Drivers/STM32L4xx_HAL_Driver/Src/stm32l4xx_hal_i2c_ex.o
 .debug_aranges
                0x0000000000000930      0x138 ./Drivers/STM32L4xx_HAL_Driver/Src/stm32l4xx_hal_pcd.o
 .debug_aranges
                0x0000000000000a68       0x58 ./Drivers/STM32L4xx_HAL_Driver/Src/stm32l4xx_hal_pcd_ex.o
 .debug_aranges
                0x0000000000000ac0       0x98 ./Drivers/STM32L4xx_HAL_Driver/Src/stm32l4xx_hal_pwr.o
 .debug_aranges
                0x0000000000000b58      0x128 ./Drivers/STM32L4xx_HAL_Driver/Src/stm32l4xx_hal_pwr_ex.o
 .debug_aranges
                0x0000000000000c80       0x90 ./Drivers/STM32L4xx_HAL_Driver/Src/stm32l4xx_hal_rcc.o
 .debug_aranges
                0x0000000000000d10       0xf0 ./Drivers/STM32L4xx_HAL_Driver/Src/stm32l4xx_hal_rcc_ex.o
 .debug_aranges
                0x0000000000000e00      0x1d8 ./Drivers/STM32L4xx_HAL_Driver/Src/stm32l4xx_hal_spi.o
 .debug_aranges
                0x0000000000000fd8      0x228 ./Drivers/STM32L4xx_HAL_Driver/Src/stm32l4xx_hal_uart.o
 .debug_aranges
                0x0000000000001200       0xf8 ./Drivers/STM32L4xx_HAL_Driver/Src/stm32l4xx_ll_usb.o
 .debug_aranges
                0x00000000000012f8       0x28 ./FATFS/App/fatfs.o
 .debug_aranges
                0x0000000000001320       0x40 ./FATFS/Target/user_diskio.o
 .debug_aranges
                0x0000000000001360       0x40 ./Middlewares/Third_Party/FatFs/src/ff_gen_drv.o

.debug_rnglists
                0x0000000000000000      0xf21
 .debug_rnglists
                0x0000000000000000       0x59 ./Core/Src/main.o
 .debug_rnglists
                0x0000000000000059       0x52 ./Core/Src/stm32l4xx_hal_msp.o
 .debug_rnglists
                0x00000000000000ab       0x43 ./Core/Src/stm32l4xx_it.o
 .debug_rnglists
                0x00000000000000ee       0x1a ./Core/Src/system_stm32l4xx.o
 .debug_rnglists
                0x0000000000000108       0x19 ./Core/Startup/startup_stm32l433cbtx.o
 .debug_rnglists
                0x0000000000000121       0xdf ./Drivers/STM32L4xx_HAL_Driver/Src/stm32l4xx_hal.o
 .debug_rnglists
                0x0000000000000200      0x196 ./Drivers/STM32L4xx_HAL_Driver/Src/stm32l4xx_hal_adc.o
 .debug_rnglists
                0x0000000000000396       0xce ./Drivers/STM32L4xx_HAL_Driver/Src/stm32l4xx_hal_cortex.o
 .debug_rnglists
                0x0000000000000464       0x3f ./Drivers/STM32L4xx_HAL_Driver/Src/stm32l4xx_hal_gpio.o
 .debug_rnglists
                0x00000000000004a3      0x228 ./Drivers/STM32L4xx_HAL_Driver/Src/stm32l4xx_hal_i2c.o
 .debug_rnglists
                0x00000000000006cb       0x35 ./Drivers/STM32L4xx_HAL_Driver/Src/stm32l4xx_hal_i2c_ex.o
 .debug_rnglists
                0x0000000000000700       0xee ./Drivers/STM32L4xx_HAL_Driver/Src/stm32l4xx_hal_pcd.o
 .debug_rnglists
                0x00000000000007ee       0x3f ./Drivers/STM32L4xx_HAL_Driver/Src/stm32l4xx_hal_pcd_ex.o
 .debug_rnglists
                0x000000000000082d       0x6e ./Drivers/STM32L4xx_HAL_Driver/Src/stm32l4xx_hal_pwr.o
 .debug_rnglists
                0x000000000000089b       0xdf ./Drivers/STM32L4xx_HAL_Driver/Src/stm32l4xx_hal_pwr_ex.o
 .debug_rnglists
                0x000000000000097a       0x6d ./Drivers/STM32L4xx_HAL_Driver/Src/stm32l4xx_hal_rcc.o
 .debug_rnglists
                0x00000000000009e7       0xba ./Drivers/STM32L4xx_HAL_Driver/Src/stm32l4xx_hal_rcc_ex.o
 .debug_rnglists
                0x0000000000000aa1      0x178 ./Drivers/STM32L4xx_HAL_Driver/Src/stm32l4xx_hal_spi.o
 .debug_rnglists
                0x0000000000000c19      0x1db ./Drivers/STM32L4xx_HAL_Driver/Src/stm32l4xx_hal_uart.o
 .debug_rnglists
                0x0000000000000df4       0xbd ./Drivers/STM32L4xx_HAL_Driver/Src/stm32l4xx_ll_usb.o
 .debug_rnglists
                0x0000000000000eb1       0x19 ./FATFS/App/fatfs.o
 .debug_rnglists
                0x0000000000000eca       0x2b ./FATFS/Target/user_diskio.o
 .debug_rnglists
                0x0000000000000ef5       0x2c ./Middlewares/Third_Party/FatFs/src/ff_gen_drv.o

.debug_macro    0x0000000000000000    0x2566b
 .debug_macro   0x0000000000000000      0x34f ./Core/Src/main.o
 .debug_macro   0x000000000000034f      0xaa8 ./Core/Src/main.o
 .debug_macro   0x0000000000000df7      0x1b9 ./Core/Src/main.o
 .debug_macro   0x0000000000000fb0       0x2e ./Core/Src/main.o
 .debug_macro   0x0000000000000fde       0x28 ./Core/Src/main.o
 .debug_macro   0x0000000000001006       0x22 ./Core/Src/main.o
 .debug_macro   0x0000000000001028       0x8e ./Core/Src/main.o
 .debug_macro   0x00000000000010b6       0x51 ./Core/Src/main.o
 .debug_macro   0x0000000000001107      0x103 ./Core/Src/main.o
 .debug_macro   0x000000000000120a       0x6a ./Core/Src/main.o
 .debug_macro   0x0000000000001274      0x1df ./Core/Src/main.o
 .debug_macro   0x0000000000001453       0x1c ./Core/Src/main.o
 .debug_macro   0x000000000000146f       0x22 ./Core/Src/main.o
 .debug_macro   0x0000000000001491       0xfb ./Core/Src/main.o
 .debug_macro   0x000000000000158c     0x1011 ./Core/Src/main.o
 .debug_macro   0x000000000000259d      0x11f ./Core/Src/main.o
 .debug_macro   0x00000000000026bc    0x16153 ./Core/Src/main.o
 .debug_macro   0x000000000001880f       0x6d ./Core/Src/main.o
 .debug_macro   0x000000000001887c     0x38e6 ./Core/Src/main.o
 .debug_macro   0x000000000001c162      0x174 ./Core/Src/main.o
 .debug_macro   0x000000000001c2d6       0x5c ./Core/Src/main.o
 .debug_macro   0x000000000001c332     0x13b4 ./Core/Src/main.o
 .debug_macro   0x000000000001d6e6      0x5dd ./Core/Src/main.o
 .debug_macro   0x000000000001dcc3      0x1b9 ./Core/Src/main.o
 .debug_macro   0x000000000001de7c      0x130 ./Core/Src/main.o
 .debug_macro   0x000000000001dfac      0x26b ./Core/Src/main.o
 .debug_macro   0x000000000001e217      0x23d ./Core/Src/main.o
 .debug_macro   0x000000000001e454      0xde6 ./Core/Src/main.o
 .debug_macro   0x000000000001f23a      0x61d ./Core/Src/main.o
 .debug_macro   0x000000000001f857      0x241 ./Core/Src/main.o
 .debug_macro   0x000000000001fa98      0x241 ./Core/Src/main.o
 .debug_macro   0x000000000001fcd9      0x375 ./Core/Src/main.o
 .debug_macro   0x000000000002004e       0xd6 ./Core/Src/main.o
 .debug_macro   0x0000000000020124      0x22c ./Core/Src/main.o
 .debug_macro   0x0000000000020350       0x61 ./Core/Src/main.o
 .debug_macro   0x00000000000203b1       0xa5 ./Core/Src/main.o
 .debug_macro   0x0000000000020456       0xab ./Core/Src/main.o
 .debug_macro   0x0000000000020501      0x22d ./Core/Src/main.o
 .debug_macro   0x000000000002072e      0x122 ./Core/Src/main.o
 .debug_macro   0x0000000000020850      0x364 ./Core/Src/main.o
 .debug_macro   0x0000000000020bb4      0x2fe ./Core/Src/main.o
 .debug_macro   0x0000000000020eb2      0x5cf ./Core/Src/main.o
 .debug_macro   0x0000000000021481       0x44 ./Core/Src/main.o
 .debug_macro   0x00000000000214c5      0x26d ./Core/Src/main.o
 .debug_macro   0x0000000000021732       0x10 ./Core/Src/main.o
 .debug_macro   0x0000000000021742       0xeb ./Core/Src/main.o
 .debug_macro   0x000000000002182d       0x2a ./Core/Src/main.o
 .debug_macro   0x0000000000021857       0x61 ./Core/Src/main.o
 .debug_macro   0x00000000000218b8       0x43 ./Core/Src/main.o
 .debug_macro   0x00000000000218fb       0x34 ./Core/Src/main.o
 .debug_macro   0x000000000002192f       0x16 ./Core/Src/main.o
 .debug_macro   0x0000000000021945       0x35 ./Core/Src/main.o
 .debug_macro   0x000000000002197a       0x16 ./Core/Src/main.o
 .debug_macro   0x0000000000021990       0x43 ./Core/Src/main.o
 .debug_macro   0x00000000000219d3       0x34 ./Core/Src/main.o
 .debug_macro   0x0000000000021a07       0x10 ./Core/Src/main.o
 .debug_macro   0x0000000000021a17       0x58 ./Core/Src/main.o
 .debug_macro   0x0000000000021a6f       0x8e ./Core/Src/main.o
 .debug_macro   0x0000000000021afd       0x1c ./Core/Src/main.o
 .debug_macro   0x0000000000021b19      0x177 ./Core/Src/main.o
 .debug_macro   0x0000000000021c90      0x369 ./Core/Src/main.o
 .debug_macro   0x0000000000021ff9       0x16 ./Core/Src/main.o
 .debug_macro   0x000000000002200f       0x29 ./Core/Src/main.o
 .debug_macro   0x0000000000022038       0x12 ./Core/Src/main.o
 .debug_macro   0x000000000002204a       0xe2 ./Core/Src/main.o
 .debug_macro   0x000000000002212c       0x8e ./Core/Src/main.o
 .debug_macro   0x00000000000221ba      0x230 ./Core/Src/stm32l4xx_hal_msp.o
 .debug_macro   0x00000000000223ea      0x23a ./Core/Src/stm32l4xx_it.o
 .debug_macro   0x0000000000022624      0x221 ./Core/Src/system_stm32l4xx.o
 .debug_macro   0x0000000000022845      0x26f ./Drivers/STM32L4xx_HAL_Driver/Src/stm32l4xx_hal.o
 .debug_macro   0x0000000000022ab4      0x23e ./Drivers/STM32L4xx_HAL_Driver/Src/stm32l4xx_hal_adc.o
 .debug_macro   0x0000000000022cf2      0x221 ./Drivers/STM32L4xx_HAL_Driver/Src/stm32l4xx_hal_cortex.o
 .debug_macro   0x0000000000022f13      0x228 ./Drivers/STM32L4xx_HAL_Driver/Src/stm32l4xx_hal_gpio.o
 .debug_macro   0x000000000002313b      0x2ed ./Drivers/STM32L4xx_HAL_Driver/Src/stm32l4xx_hal_i2c.o
 .debug_macro   0x0000000000023428      0x221 ./Drivers/STM32L4xx_HAL_Driver/Src/stm32l4xx_hal_i2c_ex.o
 .debug_macro   0x0000000000023649      0x22d ./Drivers/STM32L4xx_HAL_Driver/Src/stm32l4xx_hal_pcd.o
 .debug_macro   0x0000000000023876      0x221 ./Drivers/STM32L4xx_HAL_Driver/Src/stm32l4xx_hal_pcd_ex.o
 .debug_macro   0x0000000000023a97      0x239 ./Drivers/STM32L4xx_HAL_Driver/Src/stm32l4xx_hal_pwr.o
 .debug_macro   0x0000000000023cd0      0x245 ./Drivers/STM32L4xx_HAL_Driver/Src/stm32l4xx_hal_pwr_ex.o
 .debug_macro   0x0000000000023f15      0x263 ./Drivers/STM32L4xx_HAL_Driver/Src/stm32l4xx_hal_rcc.o
 .debug_macro   0x0000000000024178      0x257 ./Drivers/STM32L4xx_HAL_Driver/Src/stm32l4xx_hal_rcc_ex.o
 .debug_macro   0x00000000000243cf      0x229 ./Drivers/STM32L4xx_HAL_Driver/Src/stm32l4xx_hal_spi.o
 .debug_macro   0x00000000000245f8      0x24c ./Drivers/STM32L4xx_HAL_Driver/Src/stm32l4xx_hal_uart.o
 .debug_macro   0x0000000000024844      0x221 ./Drivers/STM32L4xx_HAL_Driver/Src/stm32l4xx_ll_usb.o
 .debug_macro   0x0000000000024a65      0x355 ./FATFS/App/fatfs.o
 .debug_macro   0x0000000000024dba       0xe5 ./FATFS/App/fatfs.o
 .debug_macro   0x0000000000024e9f      0x372 ./FATFS/Target/user_diskio.o
 .debug_macro   0x0000000000025211       0x10 ./FATFS/Target/user_diskio.o
 .debug_macro   0x0000000000025221       0x20 ./FATFS/Target/user_diskio.o
 .debug_macro   0x0000000000025241       0x16 ./FATFS/Target/user_diskio.o
 .debug_macro   0x0000000000025257       0x7c ./FATFS/Target/user_diskio.o
 .debug_macro   0x00000000000252d3       0x56 ./FATFS/Target/user_diskio.o
 .debug_macro   0x0000000000025329      0x342 ./Middlewares/Third_Party/FatFs/src/ff_gen_drv.o

.debug_line     0x0000000000000000    0x18d5d
 .debug_line    0x0000000000000000      0xcee ./Core/Src/main.o
 .debug_line    0x0000000000000cee      0xa1b ./Core/Src/stm32l4xx_hal_msp.o
 .debug_line    0x0000000000001709      0x8c9 ./Core/Src/stm32l4xx_it.o
 .debug_line    0x0000000000001fd2      0x89e ./Core/Src/system_stm32l4xx.o
 .debug_line    0x0000000000002870       0x7a ./Core/Startup/startup_stm32l433cbtx.o
 .debug_line    0x00000000000028ea      0xbf6 ./Drivers/STM32L4xx_HAL_Driver/Src/stm32l4xx_hal.o
 .debug_line    0x00000000000034e0     0x1d9f ./Drivers/STM32L4xx_HAL_Driver/Src/stm32l4xx_hal_adc.o
 .debug_line    0x000000000000527f      0xd9d ./Drivers/STM32L4xx_HAL_Driver/Src/stm32l4xx_hal_cortex.o
 .debug_line    0x000000000000601c      0xc16 ./Drivers/STM32L4xx_HAL_Driver/Src/stm32l4xx_hal_gpio.o
 .debug_line    0x0000000000006c32     0x39d5 ./Drivers/STM32L4xx_HAL_Driver/Src/stm32l4xx_hal_i2c.o
 .debug_line    0x000000000000a607      0xa24 ./Drivers/STM32L4xx_HAL_Driver/Src/stm32l4xx_hal_i2c_ex.o
 .debug_line    0x000000000000b02b     0x1486 ./Drivers/STM32L4xx_HAL_Driver/Src/stm32l4xx_hal_pcd.o
 .debug_line    0x000000000000c4b1      0x96f ./Drivers/STM32L4xx_HAL_Driver/Src/stm32l4xx_hal_pcd_ex.o
 .debug_line    0x000000000000ce20      0x9d3 ./Drivers/STM32L4xx_HAL_Driver/Src/stm32l4xx_hal_pwr.o
 .debug_line    0x000000000000d7f3      0xd09 ./Drivers/STM32L4xx_HAL_Driver/Src/stm32l4xx_hal_pwr_ex.o
 .debug_line    0x000000000000e4fc     0x10ab ./Drivers/STM32L4xx_HAL_Driver/Src/stm32l4xx_hal_rcc.o
 .debug_line    0x000000000000f5a7     0x14a0 ./Drivers/STM32L4xx_HAL_Driver/Src/stm32l4xx_hal_rcc_ex.o
 .debug_line    0x0000000000010a47     0x2063 ./Drivers/STM32L4xx_HAL_Driver/Src/stm32l4xx_hal_spi.o
 .debug_line    0x0000000000012aaa     0x328e ./Drivers/STM32L4xx_HAL_Driver/Src/stm32l4xx_hal_uart.o
 .debug_line    0x0000000000015d38     0x115a ./Drivers/STM32L4xx_HAL_Driver/Src/stm32l4xx_ll_usb.o
 .debug_line    0x0000000000016e92      0x9f5 ./FATFS/App/fatfs.o
 .debug_line    0x0000000000017887      0xa54 ./FATFS/Target/user_diskio.o
 .debug_line    0x00000000000182db      0xa82 ./Middlewares/Third_Party/FatFs/src/ff_gen_drv.o

.debug_str      0x0000000000000000    0xe3664
 .debug_str     0x0000000000000000    0xde38f ./Core/Src/main.o
                                      0xdea14 (size before relaxing)
 .debug_str     0x00000000000de38f      0x102 ./Core/Src/stm32l4xx_hal_msp.o
                                      0xdaf3c (size before relaxing)
 .debug_str     0x00000000000de491       0xc9 ./Core/Src/stm32l4xx_it.o
                                      0xd9d39 (size before relaxing)
 .debug_str     0x00000000000de55a       0xf2 ./Core/Src/system_stm32l4xx.o
                                      0xd9e9c (size before relaxing)
 .debug_str     0x00000000000de64c       0x34 ./Core/Startup/startup_stm32l433cbtx.o
                                         0x7f (size before relaxing)
 .debug_str     0x00000000000de680      0xa0e ./Drivers/STM32L4xx_HAL_Driver/Src/stm32l4xx_hal.o
                                      0xda95e (size before relaxing)
 .debug_str     0x00000000000df08e      0xa37 ./Drivers/STM32L4xx_HAL_Driver/Src/stm32l4xx_hal_adc.o
                                      0xdac7f (size before relaxing)
 .debug_str     0x00000000000dfac5      0x344 ./Drivers/STM32L4xx_HAL_Driver/Src/stm32l4xx_hal_cortex.o
                                      0xda60f (size before relaxing)
 .debug_str     0x00000000000dfe09      0x123 ./Drivers/STM32L4xx_HAL_Driver/Src/stm32l4xx_hal_gpio.o
                                      0xda010 (size before relaxing)
 .debug_str     0x00000000000dff2c      0xdc8 ./Drivers/STM32L4xx_HAL_Driver/Src/stm32l4xx_hal_i2c.o
                                      0xdb0a8 (size before relaxing)
 .debug_str     0x00000000000e0cf4       0xb8 ./Drivers/STM32L4xx_HAL_Driver/Src/stm32l4xx_hal_i2c_ex.o
                                      0xda3d3 (size before relaxing)
 .debug_str     0x00000000000e0dac      0x5c2 ./Drivers/STM32L4xx_HAL_Driver/Src/stm32l4xx_hal_pcd.o
                                      0xda67f (size before relaxing)
 .debug_str     0x00000000000e136e      0x186 ./Drivers/STM32L4xx_HAL_Driver/Src/stm32l4xx_hal_pcd_ex.o
                                      0xda24f (size before relaxing)
 .debug_str     0x00000000000e14f4      0x329 ./Drivers/STM32L4xx_HAL_Driver/Src/stm32l4xx_hal_pwr.o
                                      0xda1e6 (size before relaxing)
 .debug_str     0x00000000000e181d      0x359 ./Drivers/STM32L4xx_HAL_Driver/Src/stm32l4xx_hal_pwr_ex.o
                                      0xda344 (size before relaxing)
 .debug_str     0x00000000000e1b76      0x381 ./Drivers/STM32L4xx_HAL_Driver/Src/stm32l4xx_hal_rcc.o
                                      0xda49c (size before relaxing)
 .debug_str     0x00000000000e1ef7      0x4e0 ./Drivers/STM32L4xx_HAL_Driver/Src/stm32l4xx_hal_rcc_ex.o
                                      0xda739 (size before relaxing)
 .debug_str     0x00000000000e23d7      0x566 ./Drivers/STM32L4xx_HAL_Driver/Src/stm32l4xx_hal_spi.o
                                      0xda6ba (size before relaxing)
 .debug_str     0x00000000000e293d      0x89f ./Drivers/STM32L4xx_HAL_Driver/Src/stm32l4xx_hal_uart.o
                                      0xdabf4 (size before relaxing)
 .debug_str     0x00000000000e31dc      0x124 ./Drivers/STM32L4xx_HAL_Driver/Src/stm32l4xx_ll_usb.o
                                      0xda207 (size before relaxing)
 .debug_str     0x00000000000e3300      0x1c6 ./FATFS/App/fatfs.o
                                      0xdd649 (size before relaxing)
 .debug_str     0x00000000000e34c6       0xe4 ./FATFS/Target/user_diskio.o
                                      0xdd5c7 (size before relaxing)
 .debug_str     0x00000000000e35aa       0xba ./Middlewares/Third_Party/FatFs/src/ff_gen_drv.o
                                      0xdd5a9 (size before relaxing)

.debug_frame    0x0000000000000000     0x52d0
 .debug_frame   0x0000000000000000      0x17c ./Core/Src/main.o
 .debug_frame   0x000000000000017c      0x1b0 ./Core/Src/stm32l4xx_hal_msp.o
 .debug_frame   0x000000000000032c      0x104 ./Core/Src/stm32l4xx_it.o
 .debug_frame   0x0000000000000430       0x58 ./Core/Src/system_stm32l4xx.o
 .debug_frame   0x0000000000000488      0x498 ./Drivers/STM32L4xx_HAL_Driver/Src/stm32l4xx_hal.o
 .debug_frame   0x0000000000000920      0x9b0 ./Drivers/STM32L4xx_HAL_Driver/Src/stm32l4xx_hal_adc.o
 .debug_frame   0x00000000000012d0      0x498 ./Drivers/STM32L4xx_HAL_Driver/Src/stm32l4xx_hal_cortex.o
 .debug_frame   0x0000000000001768      0x14c ./Drivers/STM32L4xx_HAL_Driver/Src/stm32l4xx_hal_gpio.o
 .debug_frame   0x00000000000018b4      0xc38 ./Drivers/STM32L4xx_HAL_Driver/Src/stm32l4xx_hal_i2c.o
 .debug_frame   0x00000000000024ec      0x100 ./Drivers/STM32L4xx_HAL_Driver/Src/stm32l4xx_hal_i2c_ex.o
 .debug_frame   0x00000000000025ec      0x574 ./Drivers/STM32L4xx_HAL_Driver/Src/stm32l4xx_hal_pcd.o
 .debug_frame   0x0000000000002b60      0x14c ./Drivers/STM32L4xx_HAL_Driver/Src/stm32l4xx_hal_pcd_ex.o
 .debug_frame   0x0000000000002cac      0x230 ./Drivers/STM32L4xx_HAL_Driver/Src/stm32l4xx_hal_pwr.o
 .debug_frame   0x0000000000002edc      0x4a4 ./Drivers/STM32L4xx_HAL_Driver/Src/stm32l4xx_hal_pwr_ex.o
 .debug_frame   0x0000000000003380      0x21c ./Drivers/STM32L4xx_HAL_Driver/Src/stm32l4xx_hal_rcc.o
 .debug_frame   0x000000000000359c      0x3d0 ./Drivers/STM32L4xx_HAL_Driver/Src/stm32l4xx_hal_rcc_ex.o
 .debug_frame   0x000000000000396c      0x860 ./Drivers/STM32L4xx_HAL_Driver/Src/stm32l4xx_hal_spi.o
 .debug_frame   0x00000000000041cc      0x9f4 ./Drivers/STM32L4xx_HAL_Driver/Src/stm32l4xx_hal_uart.o
 .debug_frame   0x0000000000004bc0      0x478 ./Drivers/STM32L4xx_HAL_Driver/Src/stm32l4xx_ll_usb.o
 .debug_frame   0x0000000000005038       0x4c ./FATFS/App/fatfs.o
 .debug_frame   0x0000000000005084       0xd8 ./FATFS/Target/user_diskio.o
 .debug_frame   0x000000000000515c       0xc8 ./Middlewares/Third_Party/FatFs/src/ff_gen_drv.o
 .debug_frame   0x0000000000005224       0x20 C:/ST/STM32CubeIDE_1.13.0/STM32CubeIDE/plugins/com.st.stm32cube.ide.mcu.externaltools.gnu-tools-for-stm32.11.3.rel1.win32_1.1.0.202305231506/tools/bin/../lib/gcc/arm-none-eabi/11.3.1/../../../../arm-none-eabi/lib/thumb/v7e-m+fp/hard\libc_nano.a(libc_a-memset.o)
 .debug_frame   0x0000000000005244       0x2c C:/ST/STM32CubeIDE_1.13.0/STM32CubeIDE/plugins/com.st.stm32cube.ide.mcu.externaltools.gnu-tools-for-stm32.11.3.rel1.win32_1.1.0.202305231506/tools/bin/../lib/gcc/arm-none-eabi/11.3.1/../../../../arm-none-eabi/lib/thumb/v7e-m+fp/hard\libc_nano.a(libc_a-init.o)
 .debug_frame   0x0000000000005270       0x2c C:/ST/STM32CubeIDE_1.13.0/STM32CubeIDE/plugins/com.st.stm32cube.ide.mcu.externaltools.gnu-tools-for-stm32.11.3.rel1.win32_1.1.0.202305231506/tools/bin/../lib/gcc/arm-none-eabi/11.3.1/thumb/v7e-m+fp/hard\libgcc.a(_aeabi_uldivmod.o)
 .debug_frame   0x000000000000529c       0x34 C:/ST/STM32CubeIDE_1.13.0/STM32CubeIDE/plugins/com.st.stm32cube.ide.mcu.externaltools.gnu-tools-for-stm32.11.3.rel1.win32_1.1.0.202305231506/tools/bin/../lib/gcc/arm-none-eabi/11.3.1/thumb/v7e-m+fp/hard\libgcc.a(_udivmoddi4.o)

.debug_line_str
                0x0000000000000000       0x73
 .debug_line_str
                0x0000000000000000       0x73 ./Core/Startup/startup_stm32l433cbtx.o
                                         0x8b (size before relaxing)
