../Core/Src/main.c:84:5:main	8	static
../Core/Src/main.c:138:6:SystemClock_Config	96	static
../Core/Src/main.c:194:6:PeriphCommonClock_Config	104	static
../Core/Src/main.c:221:13:MX_ADC1_Init	32	static
../Core/Src/main.c:279:13:MX_I2C1_Init	8	static
../Core/Src/main.c:327:13:MX_LPUART1_UART_Init	8	static
../Core/Src/main.c:361:13:MX_USART1_UART_Init	8	static
../Core/Src/main.c:396:13:MX_SPI1_Init	8	static
../Core/Src/main.c:436:13:MX_SPI2_Init	8	static
../Core/Src/main.c:476:13:MX_USB_PCD_Init	8	static
../Core/Src/main.c:509:13:MX_GPIO_Init	48	static
../Core/Src/main.c:563:6:Error_Handler	4	static,ignoring_inline_asm
