../Core/Src/main.c:84:5:main	3
../Core/Src/main.c:170:6:SystemClock_Config	4
../Core/Src/main.c:226:6:PeriphCommonClock_Config	2
../Core/Src/main.c:253:13:MX_ADC1_Init	3
../Core/Src/main.c:311:13:MX_I2C1_Init	4
../Core/Src/main.c:359:13:MX_LPUART1_UART_Init	2
../Core/Src/main.c:393:13:MX_USART1_UART_Init	2
../Core/Src/main.c:428:13:MX_SPI1_Init	2
../Core/Src/main.c:468:13:MX_SPI2_Init	2
../Core/Src/main.c:508:13:MX_USB_PCD_Init	2
../Core/Src/main.c:541:13:MX_GPIO_Init	1
../Core/Src/main.c:595:6:Error_Handler	1
